[    0.000000] Linux version 2.6.30-tuxonice-r6-a5 (portage@42-pc-openspace) (gcc version 4.3.4 (Gentoo 4.3.4 p1.0, pie-10.1.5) ) #4 Thu Jan 14 14:46:51 CET 2010
[    0.000000] KERNEL supported cpus:
[    0.000000]   Intel GenuineIntel
[    0.000000]   AMD AuthenticAMD
[    0.000000]   NSC Geode by NSC
[    0.000000]   Cyrix CyrixInstead
[    0.000000]   Centaur CentaurHauls
[    0.000000]   Transmeta GenuineTMx86
[    0.000000]   Transmeta TransmetaCPU
[    0.000000]   UMC UMC UMC UMC
[    0.000000] BIOS-provided physical RAM map:
[    0.000000]  BIOS-e820: 0000000000000000 - 000000000009fc00 (usable)
[    0.000000]  BIOS-e820: 000000000009fc00 - 00000000000a0000 (reserved)
[    0.000000]  BIOS-e820: 00000000000f0000 - 0000000000100000 (reserved)
[    0.000000]  BIOS-e820: 0000000000100000 - 000000007ffec000 (usable)
[    0.000000]  BIOS-e820: 000000007ffec000 - 000000007ffef000 (ACPI data)
[    0.000000]  BIOS-e820: 000000007ffef000 - 000000007ffff000 (reserved)
[    0.000000]  BIOS-e820: 000000007ffff000 - 0000000080000000 (ACPI NVS)
[    0.000000]  BIOS-e820: 00000000fec00000 - 00000000fec01000 (reserved)
[    0.000000]  BIOS-e820: 00000000fee00000 - 00000000fee01000 (reserved)
[    0.000000]  BIOS-e820: 00000000ffff0000 - 0000000100000000 (reserved)
[    0.000000] DMI 2.3 present.
[    0.000000] last_pfn = 0x7ffec max_arch_pfn = 0x100000
[    0.000000] MTRR default type: uncachable
[    0.000000] MTRR fixed ranges enabled:
[    0.000000]   00000-9FFFF write-back
[    0.000000]   A0000-BFFFF uncachable
[    0.000000]   C0000-C7FFF write-protect
[    0.000000]   C8000-EFFFF uncachable
[    0.000000]   F0000-FFFFF write-protect
[    0.000000] MTRR variable ranges enabled:
[    0.000000]   0 base 000000000 mask F80000000 write-back
[    0.000000]   1 base 0F0000000 mask FF8000000 write-combining
[    0.000000]   2 disabled
[    0.000000]   3 disabled
[    0.000000]   4 disabled
[    0.000000]   5 disabled
[    0.000000]   6 disabled
[    0.000000]   7 disabled
[    0.000000] x86 PAT enabled: cpu 0, old 0x7040600070406, new 0x7010600070106
[    0.000000] init_memory_mapping: 0000000000000000-00000000377fe000
[    0.000000]  0000000000 - 0000400000 page 4k
[    0.000000]  0000400000 - 0037400000 page 2M
[    0.000000]  0037400000 - 00377fe000 page 4k
[    0.000000] kernel direct mapping tables up to 377fe000 @ 7000-c000
[    0.000000] ACPI: RSDP 000f52e0 00014 (v00 ASUS  )
[    0.000000] ACPI: RSDT 7ffec000 00030 (v01 ASUS   P4PE     42302E31 MSFT 31313031)
[    0.000000] ACPI: FACP 7ffec0c0 00074 (v01 ASUS   P4PE     42302E31 MSFT 31313031)
[    0.000000] ACPI: DSDT 7ffec134 02A43 (v01   ASUS P4PE     00001000 MSFT 0100000B)
[    0.000000] ACPI: FACS 7ffff000 00040
[    0.000000] ACPI: BOOT 7ffec030 00028 (v01 ASUS   P4PE     42302E31 MSFT 31313031)
[    0.000000] ACPI: APIC 7ffec058 0005A (v01 ASUS   P4PE     42302E31 MSFT 31313031)
[    0.000000] ACPI: Local APIC address 0xfee00000
[    0.000000] 1159MB HIGHMEM available.
[    0.000000] 887MB LOWMEM available.
[    0.000000]   mapped low ram: 0 - 377fe000
[    0.000000]   low ram: 0 - 377fe000
[    0.000000]   node 0 low ram: 00000000 - 377fe000
[    0.000000]   node 0 bootmap 00008000 - 0000ef00
[    0.000000] (6 early reservations) ==> bootmem [0000000000 - 00377fe000]
[    0.000000]   #0 [0000000000 - 0000001000]   BIOS data page ==> [0000000000 - 0000001000]
[    0.000000]   #1 [0000100000 - 00004ef86c]    TEXT DATA BSS ==> [0000100000 - 00004ef86c]
[    0.000000]   #2 [000009fc00 - 0000100000]    BIOS reserved ==> [000009fc00 - 0000100000]
[    0.000000]   #3 [00004f0000 - 00004f2134]              BRK ==> [00004f0000 - 00004f2134]
[    0.000000]   #4 [0000007000 - 0000008000]          PGTABLE ==> [0000007000 - 0000008000]
[    0.000000]   #5 [0000008000 - 000000f000]          BOOTMAP ==> [0000008000 - 000000f000]
[    0.000000] Zone PFN ranges:
[    0.000000]   DMA      0x00000000 -> 0x00001000
[    0.000000]   Normal   0x00001000 -> 0x000377fe
[    0.000000]   HighMem  0x000377fe -> 0x0007ffec
[    0.000000] Movable zone start PFN for each node
[    0.000000] early_node_map[2] active PFN ranges
[    0.000000]     0: 0x00000000 -> 0x0000009f
[    0.000000]     0: 0x00000100 -> 0x0007ffec
[    0.000000] On node 0 totalpages: 524171
[    0.000000] free_area_init_node: node 0, pgdat c04602a0, node_mem_map c1000000
[    0.000000]   DMA zone: 32 pages used for memmap
[    0.000000]   DMA zone: 0 pages reserved
[    0.000000]   DMA zone: 3967 pages, LIFO batch:0
[    0.000000]   Normal zone: 1744 pages used for memmap
[    0.000000]   Normal zone: 221486 pages, LIFO batch:31
[    0.000000]   HighMem zone: 2320 pages used for memmap
[    0.000000]   HighMem zone: 294622 pages, LIFO batch:31
[    0.000000] Using APIC driver default
[    0.000000] ACPI: PM-Timer IO Port: 0xe408
[    0.000000] ACPI: Local APIC address 0xfee00000
[    0.000000] ACPI: LAPIC (acpi_id[0x00] lapic_id[0x00] enabled)
[    0.000000] ACPI: LAPIC_NMI (acpi_id[0x00] high edge lint[0x1])
[    0.000000] ACPI: IOAPIC (id[0x02] address[0xfec00000] gsi_base[0])
[    0.000000] IOAPIC[0]: apic_id 2, version 32, address 0xfec00000, GSI 0-23
[    0.000000] ACPI: INT_SRC_OVR (bus 0 bus_irq 0 global_irq 2 dfl edge)
[    0.000000] ACPI: INT_SRC_OVR (bus 0 bus_irq 9 global_irq 22 low level)
[    0.000000] ACPI: IRQ0 used by override.
[    0.000000] ACPI: IRQ2 used by override.
[    0.000000] Enabling APIC mode:  Flat.  Using 1 I/O APICs
[    0.000000] Using ACPI (MADT) for SMP configuration information
[    0.000000] nr_irqs_gsi: 24
[    0.000000] PM: Registered nosave memory: 000000000009f000 - 00000000000a0000
[    0.000000] PM: Registered nosave memory: 00000000000a0000 - 00000000000f0000
[    0.000000] PM: Registered nosave memory: 00000000000f0000 - 0000000000100000
[    0.000000] Allocating PCI resources starting at 88000000 (gap: 80000000:7ec00000)
[    0.000000] Built 1 zonelists in Zone order, mobility grouping on.  Total pages: 520075
[    0.000000] Kernel command line: root=/dev/hda3 ro acpi_pm_good
[    0.000000] Enabling fast FPU save and restore... done.
[    0.000000] Enabling unmasked SIMD FPU exception support... done.
[    0.000000] Initializing CPU#0
[    0.000000] NR_IRQS:288
[    0.000000] PID hash table entries: 4096 (order: 12, 16384 bytes)
[    0.000000] Fast TSC calibration using PIT
[    0.000000] Detected 2405.393 MHz processor.
[    0.004000] Console: colour VGA+ 80x25
[    0.004000] console [tty0] enabled
[    0.004000] Dentry cache hash table entries: 131072 (order: 7, 524288 bytes)
[    0.004000] Inode-cache hash table entries: 65536 (order: 6, 262144 bytes)
[    0.004000] Initializing HighMem for node 0 (000377fe:0007ffec)
[    0.004000] Memory: 2074496k/2097072k available (2455k kernel code, 21268k reserved, 1041k data, 280k init, 1187768k highmem)
[    0.004000] virtual kernel memory layout:
[    0.004000]     fixmap  : 0xfffaa000 - 0xfffff000   ( 340 kB)
[    0.004000]     pkmap   : 0xff800000 - 0xffc00000   (4096 kB)
[    0.004000]     vmalloc : 0xf7ffe000 - 0xff7fe000   ( 120 MB)
[    0.004000]     lowmem  : 0xc0000000 - 0xf77fe000   ( 887 MB)
[    0.004000]       .init : 0xc046e000 - 0xc04b4000   ( 280 kB)
[    0.004000]       .data : 0xc0365ced - 0xc046a368   (1041 kB)
[    0.004000]       .text : 0xc0100000 - 0xc0365ced   (2455 kB)
[    0.004000] Checking if this processor honours the WP bit even in supervisor mode...Ok.
[    0.004013] Calibrating delay loop (skipped), value calculated using timer frequency.. 4810.78 BogoMIPS (lpj=9621572)
[    0.004194] Security Framework initialized
[    0.004285] Mount-cache hash table entries: 512
[    0.004532] CPU: Trace cache: 12K uops, L1 D cache: 8K
[    0.004645] CPU: L2 cache: 128K
[    0.004713] Intel machine check architecture supported.
[    0.004785] Intel machine check reporting enabled on CPU#0.
[    0.004855] CPU0: Intel P4/Xeon Extended MCE MSRs (12) available
[    0.004926] CPU0: Thermal monitoring enabled
[    0.005005] CPU: Intel(R) Celeron(R) CPU 2.40GHz stepping 09
[    0.005169] Checking 'hlt' instruction... OK.
[    0.020495] ACPI: Core revision 20090320
[    0.027083] ..TIMER: vector=0x30 apic1=0 pin1=2 apic2=-1 pin2=-1
[    0.068001] net_namespace: 720 bytes
[    0.068001] NET: Registered protocol family 16
[    0.068001] EISA bus registered
[    0.068001] ACPI: bus type pci registered
[    0.068001] PCI: PCI BIOS revision 2.10 entry at 0xf1e50, last bus=2
[    0.068001] PCI: Using configuration type 1 for base access
[    0.073169] bio: create slab <bio-0> at 0
[    0.074025] ACPI: EC: Look up EC in DSDT
[    0.083397] ACPI: Interpreter enabled
[    0.083479] ACPI: (supports S0 S1 S4 S5)
[    0.083742] ACPI: Using IOAPIC for interrupt routing
[    0.096298] ACPI: No dock devices found.
[    0.096395] ACPI: PCI Root Bridge [PCI0] (0000:00)
[    0.096622] pci 0000:00:00.0: reg 10 32bit mmio: [0xf0000000-0xf7ffffff]
[    0.096792] pci 0000:00:1d.0: reg 20 io port: [0xd800-0xd81f]
[    0.096852] pci 0000:00:1d.1: reg 20 io port: [0xd400-0xd41f]
[    0.096915] pci 0000:00:1d.2: reg 20 io port: [0xd000-0xd01f]
[    0.096984] pci 0000:00:1d.7: reg 10 32bit mmio: [0xd5800000-0xd58003ff]
[    0.097048] pci 0000:00:1d.7: PME# supported from D0 D3hot D3cold
[    0.097124] pci 0000:00:1d.7: PME# disabled
[    0.097285] pci 0000:00:1f.0: Enabled i801 SMBus device
[    0.097359] pci 0000:00:1f.0: quirk: region e400-e47f claimed by ICH4 ACPI/GPIO/TCO
[    0.097450] pci 0000:00:1f.0: quirk: region ec00-ec3f claimed by ICH4 GPIO
[    0.097549] pci 0000:00:1f.1: reg 10 io port: [0x00-0x07]
[    0.097557] pci 0000:00:1f.1: reg 14 io port: [0x00-0x03]
[    0.097565] pci 0000:00:1f.1: reg 18 io port: [0x00-0x07]
[    0.097573] pci 0000:00:1f.1: reg 1c io port: [0x00-0x03]
[    0.097581] pci 0000:00:1f.1: reg 20 io port: [0xf000-0xf00f]
[    0.097589] pci 0000:00:1f.1: reg 24 32bit mmio: [0x000000-0x0003ff]
[    0.097646] pci 0000:00:1f.3: reg 20 io port: [0xe800-0xe81f]
[    0.097697] pci 0000:00:1f.5: reg 10 io port: [0xa800-0xa8ff]
[    0.097705] pci 0000:00:1f.5: reg 14 io port: [0xa400-0xa43f]
[    0.097713] pci 0000:00:1f.5: reg 18 32bit mmio: [0xd2800000-0xd28001ff]
[    0.097721] pci 0000:00:1f.5: reg 1c 32bit mmio: [0xd2000000-0xd20000ff]
[    0.097754] pci 0000:00:1f.5: PME# supported from D0 D3hot D3cold
[    0.097828] pci 0000:00:1f.5: PME# disabled
[    0.097937] pci 0000:01:00.0: reg 10 32bit mmio: [0xd6000000-0xd6ffffff]
[    0.097945] pci 0000:01:00.0: reg 14 32bit mmio: [0xe8000000-0xefffffff]
[    0.097967] pci 0000:01:00.0: reg 30 32bit mmio: [0xe7fe0000-0xe7ffffff]
[    0.098028] pci 0000:00:01.0: bridge 32bit mmio: [0xd6000000-0xd7efffff]
[    0.098033] pci 0000:00:01.0: bridge 32bit mmio pref: [0xe7f00000-0xefffffff]
[    0.098079] pci 0000:02:03.0: reg 10 32bit mmio: [0xd5000000-0xd50007ff]
[    0.098087] pci 0000:02:03.0: reg 14 io port: [0xb800-0xb87f]
[    0.098131] pci 0000:02:03.0: supports D2
[    0.098134] pci 0000:02:03.0: PME# supported from D2 D3hot D3cold
[    0.098207] pci 0000:02:03.0: PME# disabled
[    0.098332] pci 0000:02:05.0: reg 10 64bit mmio: [0xd4800000-0xd480ffff]
[    0.098362] pci 0000:02:05.0: reg 30 32bit mmio: [0xe7ef0000-0xe7efffff]
[    0.098395] pci 0000:02:05.0: PME# supported from D3hot D3cold
[    0.098467] pci 0000:02:05.0: PME# disabled
[    0.098580] pci 0000:02:0d.0: reg 10 32bit mmio: [0xd3000000-0xd3ffffff]
[    0.098588] pci 0000:02:0d.0: reg 14 32bit mmio: [0xd8000000-0xdfffffff]
[    0.098614] pci 0000:02:0d.0: reg 30 32bit mmio: [0xd7ff0000-0xd7ffffff]
[    0.098661] pci 0000:00:1e.0: transparent bridge
[    0.098732] pci 0000:00:1e.0: bridge io port: [0xb000-0xbfff]
[    0.098737] pci 0000:00:1e.0: bridge 32bit mmio: [0xd3000000-0xd57fffff]
[    0.098743] pci 0000:00:1e.0: bridge 32bit mmio pref: [0xd7f00000-0xe7efffff]
[    0.098758] pci_bus 0000:00: on NUMA node 0
[    0.098773] ACPI: PCI Interrupt Routing Table [\_SB_.PCI0._PRT]
[    0.098898] ACPI: PCI Interrupt Routing Table [\_SB_.PCI0.PCI1._PRT]
[    0.098966] ACPI: PCI Interrupt Routing Table [\_SB_.PCI0.PCI2._PRT]
[    0.102422] ACPI: PCI Interrupt Link [LNKA] (IRQs 3 4 *5 6 7 9 10 11 12 14 15)
[    0.103242] ACPI: PCI Interrupt Link [LNKB] (IRQs 3 4 5 *6 7 9 10 11 12 14 15)
[    0.104117] ACPI: PCI Interrupt Link [LNKC] (IRQs 3 4 5 6 7 *9 10 11 12 14 15)
[    0.104936] ACPI: PCI Interrupt Link [LNKD] (IRQs 3 4 5 6 7 *9 10 11 12 14 15)
[    0.105746] ACPI: PCI Interrupt Link [LNKE] (IRQs 3 4 5 6 7 9 *10 11 12 14 15)
[    0.106556] ACPI: PCI Interrupt Link [LNKF] (IRQs 3 4 5 6 7 *9 10 11 12 14 15)
[    0.107364] ACPI: PCI Interrupt Link [LNKG] (IRQs 3 4 5 6 7 *9 10 11 12 14 15)
[    0.108189] ACPI: PCI Interrupt Link [LNKH] (IRQs 3 4 5 6 7 9 10 *11 12 14 15)
[    0.109422] SCSI subsystem initialized
[    0.109543] libata version 3.00 loaded.
[    0.109920] PCI: Using ACPI for IRQ routing
[    0.111284] pnp: PnP ACPI init
[    0.111369] ACPI: bus type pnp registered
[    0.119785] pnp: PnP ACPI: found 13 devices
[    0.119858] ACPI: ACPI bus type pnp unregistered
[    0.119946] system 00:00: iomem range 0x0-0x9ffff could not be reserved
[    0.120042] system 00:00: iomem range 0xf0000-0xfffff could not be reserved
[    0.120116] system 00:00: iomem range 0x100000-0x7fffffff could not be reserved
[    0.120208] system 00:00: iomem range 0xfec00000-0xfec000ff could not be reserved
[    0.120298] system 00:00: iomem range 0xfee00000-0xfee00fff has been reserved
[    0.120382] system 00:02: ioport range 0xe400-0xe47f has been reserved
[    0.120455] system 00:02: ioport range 0xe800-0xe81f has been reserved
[    0.120532] system 00:02: ioport range 0xec00-0xec3f has been reserved
[    0.120603] system 00:02: ioport range 0x4d6-0x4d6 has been reserved
[    0.120675] system 00:02: iomem range 0xfff80000-0xffffffff could not be reserved
[    0.120764] system 00:02: iomem range 0xffb80000-0xffbfffff has been reserved
[    0.120843] system 00:03: ioport range 0x4d0-0x4d1 has been reserved
[    0.120926] system 00:0c: ioport range 0x3f0-0x3f1 has been reserved
[    0.155734] pci 0000:00:01.0: PCI bridge, secondary bus 0000:01
[    0.155809] pci 0000:00:01.0:   IO window: disabled
[    0.155881] pci 0000:00:01.0:   MEM window: 0xd6000000-0xd7efffff
[    0.155955] pci 0000:00:01.0:   PREFETCH window: 0x000000e7f00000-0x000000efffffff
[    0.156066] pci 0000:00:1e.0: PCI bridge, secondary bus 0000:02
[    0.156137] pci 0000:00:1e.0:   IO window: 0xb000-0xbfff
[    0.156210] pci 0000:00:1e.0:   MEM window: 0xd3000000-0xd57fffff
[    0.156283] pci 0000:00:1e.0:   PREFETCH window: 0x000000d7f00000-0x000000e7efffff
[    0.156392] pci 0000:00:1e.0: setting latency timer to 64
[    0.156400] pci_bus 0000:00: resource 0 io:  [0x00-0xffff]
[    0.156403] pci_bus 0000:00: resource 1 mem: [0x000000-0xffffffff]
[    0.156406] pci_bus 0000:01: resource 1 mem: [0xd6000000-0xd7efffff]
[    0.156409] pci_bus 0000:01: resource 2 pref mem [0xe7f00000-0xefffffff]
[    0.156414] pci_bus 0000:02: resource 0 io:  [0xb000-0xbfff]
[    0.156418] pci_bus 0000:02: resource 1 mem: [0xd3000000-0xd57fffff]
[    0.156421] pci_bus 0000:02: resource 2 pref mem [0xd7f00000-0xe7efffff]
[    0.156424] pci_bus 0000:02: resource 3 io:  [0x00-0xffff]
[    0.156426] pci_bus 0000:02: resource 4 mem: [0x000000-0xffffffff]
[    0.156473] NET: Registered protocol family 2
[    0.157697] IP route cache hash table entries: 32768 (order: 5, 131072 bytes)
[    0.158078] TCP established hash table entries: 131072 (order: 8, 1048576 bytes)
[    0.159712] TCP bind hash table entries: 65536 (order: 6, 262144 bytes)
[    0.160202] TCP: Hash tables configured (established 131072 bind 65536)
[    0.160281] TCP reno registered
[    0.160476] NET: Registered protocol family 1
[    0.160794] Simple Boot Flag at 0x3a set to 0x1
[    0.161748] audit: initializing netlink socket (disabled)
[    0.161841] type=2000 audit(1263502447.160:1): initialized
[    0.162209] highmem bounce pool size: 64 pages
[    0.162520] fuse init (API version 7.11)
[    0.162788] msgmni has been set to 1733
[    0.163298] alg: No test for stdrng (krng)
[    0.163398] io scheduler noop registered
[    0.163466] io scheduler anticipatory registered
[    0.163533] io scheduler deadline registered
[    0.163631] io scheduler cfq registered (default)
[    0.163797] pci 0000:01:00.0: Boot video device
[    0.172866] isapnp: Scanning for PnP cards...
[    0.526763] isapnp: No Plug & Play device found
[    0.526837] Serial: 8250/16550 driver, 4 ports, IRQ sharing enabled
[    0.527117] serial8250: ttyS0 at I/O 0x3f8 (irq = 4) is a 16550A
[    0.527424] serial8250: ttyS1 at I/O 0x2f8 (irq = 3) is a 16550A
[    0.528459] 00:09: ttyS0 at I/O 0x3f8 (irq = 4) is a 16550A
[    0.528925] 00:0a: ttyS1 at I/O 0x2f8 (irq = 3) is a 16550A
[    0.533367] brd: module loaded
[    0.535318] loop: module loaded
[    0.535390] Uniform Multi-Platform E-IDE driver
[    0.535675] piix 0000:00:1f.1: IDE controller (0x8086:0x24cb rev 0x02)
[    0.535773] pci 0000:00:1f.1: PCI INT A -> GSI 18 (level, low) -> IRQ 18
[    0.535875] piix 0000:00:1f.1: not 100% native mode: will probe irqs later
[    0.535955]     ide0: BM-DMA at 0xf000-0xf007
[    0.536055]     ide1: BM-DMA at 0xf008-0xf00f
[    0.536130] Probing IDE interface ide0...
[    0.656056] Switched to high resolution mode on CPU 0
[    0.824184] hda: ST380011A, ATA DISK drive
[    1.496163] hda: host max PIO4 wanted PIO255(auto-tune) selected PIO4
[    1.496502] hda: UDMA/100 mode selected
[    1.496812] Probing IDE interface ide1...
[    2.232185] hdc: SAMSUNG DVD-ROM SD-616Q, ATAPI CD/DVD-ROM drive
[    2.568152] hdc: host max PIO4 wanted PIO255(auto-tune) selected PIO4
[    2.568243] hdc: UDMA/33 mode selected
[    2.568444] ide0 at 0x1f0-0x1f7,0x3f6 on irq 14
[    2.568585] ide1 at 0x170-0x177,0x376 on irq 15
[    2.571176] ide_generic: please use "probe_mask=0x3f" module parameter for probing all legacy ISA IDE ports
[    2.571375] ide-gd driver 1.18
[    2.571486] hda: max request size: 512KiB
[    2.580284] hda: 156301488 sectors (80026 MB) w/2048KiB Cache, CHS=16383/255/63
[    2.580603] hda: cache flushes supported
[    2.580757]  hda: hda1 hda2 hda3
[    2.599785] ide-cd driver 5.00
[    2.600238] ide-cd: hdc: ATAPI 48X DVD-ROM drive, 512kB Cache
[    2.600481] Uniform CD-ROM driver Revision: 3.20
[    2.612787] Driver 'sd' needs updating - please use bus_type methods
[    2.613060] Intel(R) PRO/1000 Network Driver - version 7.3.21-k3-NAPI
[    2.613135] Copyright (c) 1999-2006 Intel Corporation.
[    2.613545] PNP: PS/2 Controller [PNP0303:PS2K] at 0x60,0x64 irq 1
[    2.613620] PNP: PS/2 appears to have AUX port disabled, if this is incorrect please boot with i8042.nopnp
[    2.614438] serio: i8042 KBD port at 0x60,0x64 irq 1
[    2.614873] mice: PS/2 mouse device common for all mice
[    2.615429] EISA: Probing bus 0 at eisa.0
[    2.615535] EISA: Detected 0 cards.
[    2.615602] cpuidle: using governor ladder
[    2.615668] cpuidle: using governor menu
[    2.615866] Netfilter messages via NETLINK v0.30.
[    2.615972] nf_conntrack version 0.5.0 (16384 buckets, 65536 max)
[    2.616286] TCP cubic registered
[    2.616359] NET: Registered protocol family 17
[    2.616437] Using IPI Shortcut mode
[    2.616914] TuxOnIce 3.0.1 (http://tuxonice.net)
[    2.635024] input: AT Translated Set 2 keyboard as /devices/platform/i8042/serio0/input/input0
[    2.651595] TuxOnIce: Normal swapspace found.
[    2.681759] kjournald starting.  Commit interval 5 seconds
[    2.681852] EXT3-fs: mounted filesystem with writeback data mode.
[    2.681945] VFS: Mounted root (ext3 filesystem) readonly on device 3:3.
[    2.682050] Freeing unused kernel memory: 280k freed
[    5.109547] udev: starting version 146
[    5.181266] input: Power Button as /devices/LNXSYSTM:00/LNXPWRBN:00/input/input1
[    5.181330] ACPI: Power Button [PWRF]
[    5.181413] input: Power Button as /devices/LNXSYSTM:00/device:00/PNP0C0C:00/input/input2
[    5.181475] ACPI: Power Button [PWRB]
[    5.192509] ACPI: Invalid PBLK length [5]
[    5.192583] processor ACPI_CPU:00: registered as cooling_device0
[    5.273437] rtc_cmos 00:05: RTC can wake from S4
[    5.273529] rtc_cmos 00:05: rtc core: registered rtc_cmos as rtc0
[    5.273562] rtc0: alarms up to one month, 242 bytes nvram
[    5.419549] Linux agpgart interface v0.103
[    5.500169] usbcore: registered new interface driver usbfs
[    5.500226] usbcore: registered new interface driver hub
[    5.502040] usbcore: registered new device driver usb
[    5.594617] uhci_hcd: USB Universal Host Controller Interface driver
[    5.594702] uhci_hcd 0000:00:1d.0: PCI INT A -> GSI 16 (level, low) -> IRQ 16
[    5.594717] uhci_hcd 0000:00:1d.0: setting latency timer to 64
[    5.594722] uhci_hcd 0000:00:1d.0: UHCI Host Controller
[    5.594799] uhci_hcd 0000:00:1d.0: new USB bus registered, assigned bus number 1
[    5.594838] uhci_hcd 0000:00:1d.0: irq 16, io base 0x0000d800
[    5.595008] usb usb1: configuration #1 chosen from 1 choice
[    5.595062] hub 1-0:1.0: USB hub found
[    5.595078] hub 1-0:1.0: 2 ports detected
[    5.595335] uhci_hcd 0000:00:1d.1: PCI INT B -> GSI 19 (level, low) -> IRQ 19
[    5.595349] uhci_hcd 0000:00:1d.1: setting latency timer to 64
[    5.595353] uhci_hcd 0000:00:1d.1: UHCI Host Controller
[    5.595409] uhci_hcd 0000:00:1d.1: new USB bus registered, assigned bus number 2
[    5.595447] uhci_hcd 0000:00:1d.1: irq 19, io base 0x0000d400
[    5.595612] usb usb2: configuration #1 chosen from 1 choice
[    5.595661] hub 2-0:1.0: USB hub found
[    5.595677] hub 2-0:1.0: 2 ports detected
[    5.595890] uhci_hcd 0000:00:1d.2: PCI INT C -> GSI 18 (level, low) -> IRQ 18
[    5.595902] uhci_hcd 0000:00:1d.2: setting latency timer to 64
[    5.595906] uhci_hcd 0000:00:1d.2: UHCI Host Controller
[    5.595958] uhci_hcd 0000:00:1d.2: new USB bus registered, assigned bus number 3
[    5.596045] uhci_hcd 0000:00:1d.2: irq 18, io base 0x0000d000
[    5.596210] usb usb3: configuration #1 chosen from 1 choice
[    5.596263] hub 3-0:1.0: USB hub found
[    5.596279] hub 3-0:1.0: 2 ports detected
[    5.606438] input: PC Speaker as /devices/platform/pcspkr/input/input3
[    5.662793] intel_rng: FWH not detected
[    5.742607] agpgart-intel 0000:00:00.0: Intel 830M Chipset
[    5.750175] agpgart-intel 0000:00:00.0: AGP aperture is 128M @ 0xf0000000
[    5.776336] i801_smbus 0000:00:1f.3: PCI INT B -> GSI 17 (level, low) -> IRQ 17
[    5.809656] tg3.c:v3.98 (February 25, 2009)
[    5.809683] tg3 0000:02:05.0: PCI INT A -> GSI 20 (level, low) -> IRQ 20
[    5.816105] tg3 0000:02:05.0: PME# disabled
[    5.848241] eth0: Tigon3 [partno(BCM95702A20) rev 1002] (PCI:33MHz:32-bit) MAC address 00:0c:6e:1a:a6:c9
[    5.848248] eth0: attached PHY is 5703 (10/100/1000Base-T Ethernet) (WireSpeed[1])
[    5.848251] eth0: RXcsums[1] LinkChgREG[0] MIirq[0] ASF[0] TSOcap[1]
[    5.848254] eth0: dma_rwctrl[763f0000] dma_mask[64-bit]
[    5.904063] usb 2-1: new low speed USB device using uhci_hcd and address 2
[    5.922294] ehci_hcd: USB 2.0 'Enhanced' Host Controller (EHCI) Driver
[    5.922300] Warning! ehci_hcd should always be loaded before uhci_hcd and ohci_hcd, not after
[    5.922360] ehci_hcd 0000:00:1d.7: PCI INT D -> GSI 23 (level, low) -> IRQ 23
[    5.922389] ehci_hcd 0000:00:1d.7: setting latency timer to 64
[    5.922393] ehci_hcd 0000:00:1d.7: EHCI Host Controller
[    5.922576] ehci_hcd 0000:00:1d.7: new USB bus registered, assigned bus number 4
[    5.926517] ehci_hcd 0000:00:1d.7: debug port 1
[    5.926526] ehci_hcd 0000:00:1d.7: cache line size of 128 is not supported
[    5.926782] ehci_hcd 0000:00:1d.7: irq 23, io mem 0xd5800000
[    5.944755] iTCO_vendor_support: vendor-support=0
[    6.010303] ohci1394 0000:02:03.0: PCI INT A -> GSI 22 (level, low) -> IRQ 22
[    6.040043] ehci_hcd 0000:00:1d.7: USB 2.0 started, EHCI 1.00
[    6.040218] usb usb4: configuration #1 chosen from 1 choice
[    6.040272] hub 4-0:1.0: USB hub found
[    6.040291] hub 4-0:1.0: 6 ports detected
[    6.066068] ohci1394: fw-host0: OHCI-1394 1.0 (PCI): IRQ=[22]  MMIO=[d5000000-d50007ff]  Max Packet=[2048]  IR/IT contexts=[4/8]
[    6.258193] iTCO_wdt: Intel TCO WatchDog Timer Driver v1.05
[    6.258297] iTCO_wdt: Found a ICH4 TCO device (Version=1, TCOBASE=0xe460)
[    6.258382] iTCO_wdt: initialized. heartbeat=30 sec (nowayout=0)
[    6.436078] usb 2-1: device not accepting address 2, error -71
[    6.492086] hub 2-0:1.0: unable to enumerate USB device on port 1
[    6.652425] Intel ICH 0000:00:1f.5: PCI INT B -> GSI 17 (level, low) -> IRQ 17
[    6.652482] Intel ICH 0000:00:1f.5: setting latency timer to 64
[    6.747378] nvidia: module license 'NVIDIA' taints kernel.
[    6.747385] Disabling lock debugging due to kernel taint
[    7.030437] nvidia 0000:01:00.0: PCI INT A -> GSI 16 (level, low) -> IRQ 16
[    7.030911] nvidia 0000:02:0d.0: enabling device (0000 -> 0002)
[    7.030931] nvidia 0000:02:0d.0: PCI INT A -> GSI 21 (level, low) -> IRQ 21
[    7.031895] NVRM: loading NVIDIA Linux x86 Kernel Module  96.43.13  Thu Jun 25 18:42:21 PDT 2009
[    7.072035] usb 2-1: new low speed USB device using uhci_hcd and address 4
[    7.084023] intel8x0_measure_ac97_clock: measured 53687 usecs (2587 samples)
[    7.084027] intel8x0: clocking to 48000
[    7.264433] usb 2-1: configuration #1 chosen from 1 choice
[    7.340212] ieee1394: Host added: ID:BUS[0-00:1023]  GUID[00e01800001754b3]
[    7.442990] usbcore: registered new interface driver hiddev
[    7.477087] input: HID 04d9:048e as /devices/pci0000:00/0000:00:1d.1/usb2/2-1/2-1:1.0/input/input4
[    7.477470] generic-usb 0003:04D9:048E.0001: input: USB HID v1.10 Mouse [HID 04d9:048e] on usb-0000:00:1d.1-1/input0
[    7.477514] usbcore: registered new interface driver usbhid
[    7.477877] usbhid: v2.6:USB HID core driver
[    7.930638] EXT3 FS on hda3, internal journal
[    8.234928] ondemand governor failed, too long transition latency of HW, fallback to performance governor
[    8.234954] p4-clockmod: P4/Xeon(TM) CPU On-Demand Clock Modulation available
[    8.329083] device-mapper: ioctl: 4.14.0-ioctl (2008-04-23) initialised: dm-devel@redhat.com
[    8.883385] NTFS driver 2.1.29 [Flags: R/O MODULE].
[    8.944375] NTFS volume version 3.1.
[    9.041021] Adding 3156764k swap on /dev/hda2.  Priority:2 extents:1 across:3156764k 
[   24.534137] tg3 0000:02:05.0: firmware: requesting tigon/tg3_tso.bin
[   24.631860] tg3 0000:02:05.0: PME# disabled
[   27.402251] tg3: eth0: Link is up at 1000 Mbps, full duplex.
[   27.402256] tg3: eth0: Flow control is off for TX and off for RX.
[   48.057489] agpgart-intel 0000:00:00.0: AGP 2.0 bridge
[   48.057512] agpgart-intel 0000:00:00.0: putting AGP V2 device into 4x mode
[   48.057551] nvidia 0000:01:00.0: putting AGP V2 device into 4x mode
