[    0.000000] Initializing cgroup subsys cpuset
[    0.000000] Initializing cgroup subsys cpu
[    0.000000] Linux version 2.6.31-17-generic (buildd@palmer) (gcc version 4.4.1 (Ubuntu 4.4.1-4ubuntu8) ) #54-Ubuntu SMP Thu Dec 10 16:20:31 UTC 2009 (Ubuntu 2.6.31-17.54-generic)
[    0.000000] KERNEL supported cpus:
[    0.000000]   Intel GenuineIntel
[    0.000000]   AMD AuthenticAMD
[    0.000000]   NSC Geode by NSC
[    0.000000]   Cyrix CyrixInstead
[    0.000000]   Centaur CentaurHauls
[    0.000000]   Transmeta GenuineTMx86
[    0.000000]   Transmeta TransmetaCPU
[    0.000000]   UMC UMC UMC UMC
[    0.000000] BIOS-provided physical RAM map:
[    0.000000]  BIOS-e820: 0000000000000000 - 000000000009ec00 (usable)
[    0.000000]  BIOS-e820: 000000000009ec00 - 00000000000a0000 (reserved)
[    0.000000]  BIOS-e820: 00000000000e0000 - 0000000000100000 (reserved)
[    0.000000]  BIOS-e820: 0000000000100000 - 000000007f5b2000 (usable)
[    0.000000]  BIOS-e820: 000000007f5b2000 - 000000007f5d5000 (ACPI NVS)
[    0.000000]  BIOS-e820: 000000007f5d5000 - 000000007f5e6000 (reserved)
[    0.000000]  BIOS-e820: 000000007f5e6000 - 000000007f5e9000 (ACPI NVS)
[    0.000000]  BIOS-e820: 000000007f5e9000 - 000000007f605000 (reserved)
[    0.000000]  BIOS-e820: 000000007f605000 - 000000007f606000 (ACPI NVS)
[    0.000000]  BIOS-e820: 000000007f606000 - 000000007f608000 (reserved)
[    0.000000]  BIOS-e820: 000000007f608000 - 000000007f611000 (ACPI data)
[    0.000000]  BIOS-e820: 000000007f611000 - 000000007f617000 (ACPI NVS)
[    0.000000]  BIOS-e820: 000000007f617000 - 000000007f700000 (reserved)
[    0.000000]  BIOS-e820: 00000000ffb00000 - 00000000ffc00000 (reserved)
[    0.000000]  BIOS-e820: 00000000fff00000 - 0000000100000000 (reserved)
[    0.000000] DMI 2.4 present.
[    0.000000] AMI BIOS detected: BIOS may corrupt low RAM, working around it.
[    0.000000] e820 update range: 0000000000000000 - 0000000000010000 (usable) ==> (reserved)
[    0.000000] last_pfn = 0x7f5b2 max_arch_pfn = 0x100000
[    0.000000] MTRR default type: uncachable
[    0.000000] MTRR fixed ranges enabled:
[    0.000000]   00000-9FFFF write-back
[    0.000000]   A0000-BFFFF uncachable
[    0.000000]   C0000-DBFFF write-protect
[    0.000000]   DC000-E7FFF write-through
[    0.000000]   E8000-FFFFF write-protect
[    0.000000] MTRR variable ranges enabled:
[    0.000000]   0 base 000000000 mask 080000000 write-back
[    0.000000]   1 base 07F700000 mask 0FFF00000 uncachable
[    0.000000]   2 base 07F800000 mask 0FF800000 uncachable
[    0.000000]   3 disabled
[    0.000000]   4 disabled
[    0.000000]   5 disabled
[    0.000000]   6 disabled
[    0.000000]   7 disabled
[    0.000000] x86 PAT enabled: cpu 0, old 0x7040600070406, new 0x7010600070106
[    0.000000] Scanning 0 areas for low memory corruption
[    0.000000] modified physical RAM map:
[    0.000000]  modified: 0000000000000000 - 0000000000010000 (reserved)
[    0.000000]  modified: 0000000000010000 - 000000000009ec00 (usable)
[    0.000000]  modified: 000000000009ec00 - 00000000000a0000 (reserved)
[    0.000000]  modified: 00000000000e0000 - 0000000000100000 (reserved)
[    0.000000]  modified: 0000000000100000 - 000000007f5b2000 (usable)
[    0.000000]  modified: 000000007f5b2000 - 000000007f5d5000 (ACPI NVS)
[    0.000000]  modified: 000000007f5d5000 - 000000007f5e6000 (reserved)
[    0.000000]  modified: 000000007f5e6000 - 000000007f5e9000 (ACPI NVS)
[    0.000000]  modified: 000000007f5e9000 - 000000007f605000 (reserved)
[    0.000000]  modified: 000000007f605000 - 000000007f606000 (ACPI NVS)
[    0.000000]  modified: 000000007f606000 - 000000007f608000 (reserved)
[    0.000000]  modified: 000000007f608000 - 000000007f611000 (ACPI data)
[    0.000000]  modified: 000000007f611000 - 000000007f617000 (ACPI NVS)
[    0.000000]  modified: 000000007f617000 - 000000007f700000 (reserved)
[    0.000000]  modified: 00000000ffb00000 - 00000000ffc00000 (reserved)
[    0.000000]  modified: 00000000fff00000 - 0000000100000000 (reserved)
[    0.000000] initial memory mapped : 0 - 00c00000
[    0.000000] init_memory_mapping: 0000000000000000-00000000377fe000
[    0.000000] Using x86 segment limits to approximate NX protection
[    0.000000]  0000000000 - 0000400000 page 4k
[    0.000000]  0000400000 - 0037400000 page 2M
[    0.000000]  0037400000 - 00377fe000 page 4k
[    0.000000] kernel direct mapping tables up to 377fe000 @ 10000-15000
[    0.000000] RAMDISK: 378a5000 - 37fefbd3
[    0.000000] Allocated new RAMDISK: 008ad000 - 00ff7bd3
[    0.000000] Move RAMDISK from 00000000378a5000 - 0000000037fefbd2 to 008ad000 - 00ff7bd2
[    0.000000] ACPI: RSDP 000f03c0 00024 (v02 MSI_NB)
[    0.000000] ACPI: XSDT 7f60ff10 0005C (v01 MSI_NB MEGABOOK 06222004 MSFT 00010013)
[    0.000000] ACPI: FACP 7f5e6c10 000F4 (v04 MSI_NB MEGABOOK 06222004 MSFT 00010013)
[    0.000000] ACPI Warning: 32/64 FACS address mismatch in FADT - two FACS tables! 20090521 tbfadt-370
[    0.000000] ACPI Warning: 32/64X FACS address mismatch in FADT - 7F611E40/000000007F611D40, using 32 20090521 tbfadt-487
[    0.000000] ACPI: DSDT 7f608010 05337 (v01 MSI_NB MEGABOOK 00000000 INTL 20051117)
[    0.000000] ACPI: FACS 7f611e40 00040
[    0.000000] ACPI: APIC 7f610e90 0005C (v02 MSI_NB MEGABOOK 06222004 MSFT 00010013)
[    0.000000] ACPI: MCFG 7f615c90 0003C (v01 MSI_NB MEGABOOK 06222004 MSFT 00000097)
[    0.000000] ACPI: SLIC 7f612c10 00176 (v01 MSI_NB MEGABOOK 06222004 MSFT 00000097)
[    0.000000] ACPI: SSDT 7f605510 004CE (v02  PmRef    CpuPm 00003000 INTL 20051117)
[    0.000000] ACPI: SSDT 7f5e8a10 00232 (v02  PmRef  Cpu0Tst 00003000 INTL 20051117)
[    0.000000] ACPI: SSDT 7f611a10 000A0 (v02  PmRef  Cpu1Tst 00003000 INTL 20051117)
[    0.000000] ACPI: Local APIC address 0xfee00000
[    0.000000] 1149MB HIGHMEM available.
[    0.000000] 887MB LOWMEM available.
[    0.000000]   mapped low ram: 0 - 377fe000
[    0.000000]   low ram: 0 - 377fe000
[    0.000000]   node 0 low ram: 00000000 - 377fe000
[    0.000000]   node 0 bootmap 00011000 - 00017f00
[    0.000000] (9 early reservations) ==> bootmem [0000000000 - 00377fe000]
[    0.000000]   #0 [0000000000 - 0000001000]   BIOS data page ==> [0000000000 - 0000001000]
[    0.000000]   #1 [0000001000 - 0000002000]    EX TRAMPOLINE ==> [0000001000 - 0000002000]
[    0.000000]   #2 [0000006000 - 0000007000]       TRAMPOLINE ==> [0000006000 - 0000007000]
[    0.000000]   #3 [0000100000 - 00008a80a0]    TEXT DATA BSS ==> [0000100000 - 00008a80a0]
[    0.000000]   #4 [000009ec00 - 0000100000]    BIOS reserved ==> [000009ec00 - 0000100000]
[    0.000000]   #5 [00008a9000 - 00008ac1ec]              BRK ==> [00008a9000 - 00008ac1ec]
[    0.000000]   #6 [0000010000 - 0000011000]          PGTABLE ==> [0000010000 - 0000011000]
[    0.000000]   #7 [00008ad000 - 0000ff7bd3]      NEW RAMDISK ==> [00008ad000 - 0000ff7bd3]
[    0.000000]   #8 [0000011000 - 0000018000]          BOOTMAP ==> [0000011000 - 0000018000]
[    0.000000] Zone PFN ranges:
[    0.000000]   DMA      0x00000010 -> 0x00001000
[    0.000000]   Normal   0x00001000 -> 0x000377fe
[    0.000000]   HighMem  0x000377fe -> 0x0007f5b2
[    0.000000] Movable zone start PFN for each node
[    0.000000] early_node_map[2] active PFN ranges
[    0.000000]     0: 0x00000010 -> 0x0000009e
[    0.000000]     0: 0x00000100 -> 0x0007f5b2
[    0.000000] On node 0 totalpages: 521536
[    0.000000] free_area_init_node: node 0, pgdat c0784960, node_mem_map c1000200
[    0.000000]   DMA zone: 32 pages used for memmap
[    0.000000]   DMA zone: 0 pages reserved
[    0.000000]   DMA zone: 3950 pages, LIFO batch:0
[    0.000000]   Normal zone: 1744 pages used for memmap
[    0.000000]   Normal zone: 221486 pages, LIFO batch:31
[    0.000000]   HighMem zone: 2300 pages used for memmap
[    0.000000]   HighMem zone: 292024 pages, LIFO batch:31
[    0.000000] Using APIC driver default
[    0.000000] ACPI: PM-Timer IO Port: 0x408
[    0.000000] ACPI: Local APIC address 0xfee00000
[    0.000000] ACPI: LAPIC (acpi_id[0x01] lapic_id[0x00] enabled)
[    0.000000] ACPI: LAPIC (acpi_id[0x02] lapic_id[0x01] enabled)
[    0.000000] ACPI: IOAPIC (id[0x02] address[0xfec00000] gsi_base[0])
[    0.000000] IOAPIC[0]: apic_id 2, version 32, address 0xfec00000, GSI 0-23
[    0.000000] ACPI: INT_SRC_OVR (bus 0 bus_irq 0 global_irq 2 dfl dfl)
[    0.000000] ACPI: INT_SRC_OVR (bus 0 bus_irq 9 global_irq 9 high level)
[    0.000000] ACPI: IRQ0 used by override.
[    0.000000] ACPI: IRQ2 used by override.
[    0.000000] ACPI: IRQ9 used by override.
[    0.000000] Enabling APIC mode:  Flat.  Using 1 I/O APICs
[    0.000000] Using ACPI (MADT) for SMP configuration information
[    0.000000] SMP: Allowing 2 CPUs, 0 hotplug CPUs
[    0.000000] nr_irqs_gsi: 24
[    0.000000] PM: Registered nosave memory: 000000000009e000 - 000000000009f000
[    0.000000] PM: Registered nosave memory: 000000000009f000 - 00000000000a0000
[    0.000000] PM: Registered nosave memory: 00000000000a0000 - 00000000000e0000
[    0.000000] PM: Registered nosave memory: 00000000000e0000 - 0000000000100000
[    0.000000] Allocating PCI resources starting at 7f700000 (gap: 7f700000:80400000)
[    0.000000] NR_CPUS:8 nr_cpumask_bits:8 nr_cpu_ids:2 nr_node_ids:1
[    0.000000] PERCPU: Embedded 14 pages at c1ffa000, static data 35612 bytes
[    0.000000] Built 1 zonelists in Zone order, mobility grouping on.  Total pages: 517460
[    0.000000] Kernel command line: BOOT_IMAGE=/boot/vmlinuz-2.6.31-17-generic root=UUID=7e410b15-f342-4fa9-b64e-d2a5309ca18f ro quiet splash
[    0.000000] PID hash table entries: 4096 (order: 12, 16384 bytes)
[    0.000000] Dentry cache hash table entries: 131072 (order: 7, 524288 bytes)
[    0.000000] Inode-cache hash table entries: 65536 (order: 6, 262144 bytes)
[    0.000000] Enabling fast FPU save and restore... done.
[    0.000000] Enabling unmasked SIMD FPU exception support... done.
[    0.000000] Initializing CPU#0
[    0.000000] allocated 10432680 bytes of page_cgroup
[    0.000000] please try 'cgroup_disable=memory' option if you don't want memory cgroups
[    0.000000] Initializing HighMem for node 0 (000377fe:0007f5b2)
[    0.000000] Memory: 2042492k/2086600k available (4566k kernel code, 42804k reserved, 2142k data, 540k init, 1177296k highmem)
[    0.000000] virtual kernel memory layout:
[    0.000000]     fixmap  : 0xfff1d000 - 0xfffff000   ( 904 kB)
[    0.000000]     pkmap   : 0xff800000 - 0xffc00000   (4096 kB)
[    0.000000]     vmalloc : 0xf7ffe000 - 0xff7fe000   ( 120 MB)
[    0.000000]     lowmem  : 0xc0000000 - 0xf77fe000   ( 887 MB)
[    0.000000]       .init : 0xc078e000 - 0xc0815000   ( 540 kB)
[    0.000000]       .data : 0xc0575a64 - 0xc078d408   (2142 kB)
[    0.000000]       .text : 0xc0100000 - 0xc0575a64   (4566 kB)
[    0.000000] Checking if this processor honours the WP bit even in supervisor mode...Ok.
[    0.000000] SLUB: Genslabs=13, HWalign=64, Order=0-3, MinObjects=0, CPUs=2, Nodes=1
[    0.000000] NR_IRQS:2304 nr_irqs:424
[    0.000000] Extended CMOS year: 2000
[    0.000000] Fast TSC calibration using PIT
[    0.000000] Detected 1600.127 MHz processor.
[    0.000017] spurious 8259A interrupt: IRQ7.
[    0.001890] Console: colour VGA+ 80x25
[    0.001897] console [tty0] enabled
[    0.001995] Calibrating delay loop (skipped), value calculated using timer frequency.. 3200.25 BogoMIPS (lpj=6400508)
[    0.002039] Security Framework initialized
[    0.002076] AppArmor: AppArmor initialized
[    0.002092] Mount-cache hash table entries: 512
[    0.002318] Initializing cgroup subsys ns
[    0.002329] Initializing cgroup subsys cpuacct
[    0.002338] Initializing cgroup subsys memory
[    0.002350] Initializing cgroup subsys freezer
[    0.002355] Initializing cgroup subsys net_cls
[    0.002380] CPU: L1 I cache: 32K, L1 D cache: 24K
[    0.002386] CPU: L2 cache: 512K
[    0.002391] CPU: Physical Processor ID: 0
[    0.002395] CPU: Processor Core ID: 0
[    0.002401] mce: CPU supports 5 MCE banks
[    0.002416] CPU0: Thermal monitoring enabled (TM2)
[    0.002423] using mwait in idle threads.
[    0.002434] Performance Counters: Atom events, Intel PMU driver.
[    0.002449] ... version:                 3
[    0.002453] ... bit width:               40
[    0.002457] ... generic counters:        2
[    0.002461] ... value mask:              000000ffffffffff
[    0.002466] ... max period:              000000007fffffff
[    0.002471] ... fixed-purpose counters:  3
[    0.002475] ... counter mask:            0000000700000003
[    0.002483] Checking 'hlt' instruction... OK.
[    0.019990] ACPI: Core revision 20090521
[    0.033819] ..TIMER: vector=0x30 apic1=0 pin1=2 apic2=0 pin2=0
[    0.073519] CPU0: Intel(R) Atom(TM) CPU N270   @ 1.60GHz stepping 02
[    0.076001] Booting processor 1 APIC 0x1 ip 0x6000
[    0.004000] Initializing CPU#1
[    0.004000] Calibrating delay using timer specific routine.. 3200.19 BogoMIPS (lpj=6400383)
[    0.004000] CPU: L1 I cache: 32K, L1 D cache: 24K
[    0.004000] CPU: L2 cache: 512K
[    0.004000] CPU: Physical Processor ID: 0
[    0.004000] CPU: Processor Core ID: 0
[    0.004000] mce: CPU supports 5 MCE banks
[    0.004000] CPU1: Thermal monitoring enabled (TM2)
[    0.004000] x86 PAT enabled: cpu 1, old 0x7040600070406, new 0x7010600070106
[    0.161007] CPU1: Intel(R) Atom(TM) CPU N270   @ 1.60GHz stepping 02
[    0.161041] checking TSC synchronization [CPU#0 -> CPU#1]: passed.
[    0.164050] Brought up 2 CPUs
[    0.164057] Total of 2 processors activated (6400.44 BogoMIPS).
[    0.164117] CPU0 attaching sched-domain:
[    0.164123]  domain 0: span 0-1 level SIBLING
[    0.164129]   groups: 0 1
[    0.164140] CPU1 attaching sched-domain:
[    0.164144]  domain 0: span 0-1 level SIBLING
[    0.164150]   groups: 1 0
[    0.164307] Booting paravirtualized kernel on bare hardware
[    0.164477] regulator: core version 0.5
[    0.164477] Time: 12:26:55  Date: 01/14/10
[    0.164477] NET: Registered protocol family 16
[    0.164477] EISA bus registered
[    0.164477] ACPI: bus type pci registered
[    0.164579] PCI: MCFG configuration 0: base e0000000 segment 0 buses 0 - 255
[    0.164587] PCI: Not using MMCONFIG.
[    0.251250] PCI: Using configuration type 1 for base access
[    0.253514] bio: create slab <bio-0> at 0
[    0.253514] ACPI: EC: Look up EC in DSDT
[    0.261261] ACPI: BIOS _OSI(Linux) query ignored
[    0.265378] ACPI: Interpreter enabled
[    0.265394] ACPI: (supports S0 S1 S3 S4 S5)
[    0.265444] ACPI: Using IOAPIC for interrupt routing
[    0.265533] PCI: MCFG configuration 0: base e0000000 segment 0 buses 0 - 255
[    0.265848] PCI: MCFG area at e0000000 reserved in ACPI motherboard resources
[    0.265854] PCI: Using MMCONFIG for extended config space
[    0.272722] ACPI: EC: non-query interrupt received, switching to interrupt mode
[    0.280045] ACPI: EC: GPE storm detected, transactions will use polling mode
[    0.357595] ACPI: EC: GPE = 0x17, I/O: command/status = 0x66, data = 0x62
[    0.357602] ACPI: EC: driver started in poll mode
[    0.358053] ACPI: No dock devices found.
[    0.358599] ACPI: PCI Root Bridge [PCI0] (0000:00)
[    0.358755] pci 0000:00:02.0: reg 10 32bit mmio: [0xdfe80000-0xdfefffff]
[    0.358765] pci 0000:00:02.0: reg 14 io port: [0xd0f0-0xd0f7]
[    0.358775] pci 0000:00:02.0: reg 18 32bit mmio: [0xc0000000-0xcfffffff]
[    0.358784] pci 0000:00:02.0: reg 1c 32bit mmio: [0xdff00000-0xdff3ffff]
[    0.358839] pci 0000:00:02.1: reg 10 32bit mmio: [0xdfe00000-0xdfe7ffff]
[    0.358951] pci 0000:00:1b.0: reg 10 64bit mmio: [0xffe00000-0xffe03fff]
[    0.359007] pci 0000:00:1b.0: PME# supported from D0 D3hot D3cold
[    0.359015] pci 0000:00:1b.0: PME# disabled
[    0.359092] pci 0000:00:1c.0: PME# supported from D0 D3hot D3cold
[    0.359100] pci 0000:00:1c.0: PME# disabled
[    0.359179] pci 0000:00:1c.1: PME# supported from D0 D3hot D3cold
[    0.359186] pci 0000:00:1c.1: PME# disabled
[    0.359252] pci 0000:00:1d.0: reg 20 io port: [0xd080-0xd09f]
[    0.359318] pci 0000:00:1d.1: reg 20 io port: [0xd060-0xd07f]
[    0.359383] pci 0000:00:1d.2: reg 20 io port: [0xd040-0xd05f]
[    0.359449] pci 0000:00:1d.3: reg 20 io port: [0xd020-0xd03f]
[    0.359519] pci 0000:00:1d.7: reg 10 32bit mmio: [0xdff40000-0xdff403ff]
[    0.359582] pci 0000:00:1d.7: PME# supported from D0 D3hot D3cold
[    0.359590] pci 0000:00:1d.7: PME# disabled
[    0.359743] pci 0000:00:1f.0: Force enabled HPET at 0xfed03000
[    0.359757] pci 0000:00:1f.0: quirk: region 0400-047f claimed by ICH6 ACPI/GPIO/TCO
[    0.359765] pci 0000:00:1f.0: quirk: region 0500-053f claimed by ICH6 GPIO
[    0.359773] pci 0000:00:1f.0: ICH7 LPC Generic IO decode 1 PIO at 004c (mask 0007)
[    0.359846] pci 0000:00:1f.2: reg 10 io port: [0xd0e0-0xd0e7]
[    0.359857] pci 0000:00:1f.2: reg 14 io port: [0xd0d0-0xd0d3]
[    0.359867] pci 0000:00:1f.2: reg 18 io port: [0xd0c0-0xd0c7]
[    0.359878] pci 0000:00:1f.2: reg 1c io port: [0xd0b0-0xd0b3]
[    0.359888] pci 0000:00:1f.2: reg 20 io port: [0xd0a0-0xd0af]
[    0.359921] pci 0000:00:1f.2: PME# supported from D3hot
[    0.359928] pci 0000:00:1f.2: PME# disabled
[    0.360018] pci 0000:01:00.0: reg 10 io port: [0xc000-0xc0ff]
[    0.360045] pci 0000:01:00.0: reg 18 64bit mmio: [0xffd10000-0xffd10fff]
[    0.360065] pci 0000:01:00.0: reg 20 64bit mmio: [0xffd00000-0xffd0ffff]
[    0.360079] pci 0000:01:00.0: reg 30 32bit mmio: [0xdfd00000-0xdfd0ffff]
[    0.360128] pci 0000:01:00.0: supports D1 D2
[    0.360133] pci 0000:01:00.0: PME# supported from D0 D1 D2 D3hot D3cold
[    0.360142] pci 0000:01:00.0: PME# disabled
[    0.360215] pci 0000:00:1c.0: bridge io port: [0xc000-0xcfff]
[    0.360223] pci 0000:00:1c.0: bridge 32bit mmio: [0xdfd00000-0xdfdfffff]
[    0.360234] pci 0000:00:1c.0: bridge 64bit mmio pref: [0xffd00000-0xffdfffff]
[    0.360297] pci 0000:02:00.0: reg 10 io port: [0xb000-0xb0ff]
[    0.360310] pci 0000:02:00.0: reg 14 32bit mmio: [0xdfc00000-0xdfc03fff]
[    0.360387] pci 0000:02:00.0: supports D1 D2
[    0.360392] pci 0000:02:00.0: PME# supported from D0 D1 D2 D3hot
[    0.360400] pci 0000:02:00.0: PME# disabled
[    0.360466] pci 0000:00:1c.1: bridge io port: [0xb000-0xbfff]
[    0.360474] pci 0000:00:1c.1: bridge 32bit mmio: [0xdfc00000-0xdfcfffff]
[    0.360544] pci 0000:00:1e.0: transparent bridge
[    0.360574] pci_bus 0000:00: on NUMA node 0
[    0.360594] ACPI: PCI Interrupt Routing Table [\_SB_.PCI0._PRT]
[    0.360944] ACPI: PCI Interrupt Routing Table [\_SB_.PCI0.P0P4._PRT]
[    0.361075] ACPI: PCI Interrupt Routing Table [\_SB_.PCI0.P0P5._PRT]
[    0.378190] ACPI: PCI Interrupt Link [LNKA] (IRQs 3 4 5 6 7 10 *11 12 14 15)
[    0.378396] ACPI: PCI Interrupt Link [LNKB] (IRQs 3 4 5 6 7 *10 11 12 14 15)
[    0.378601] ACPI: PCI Interrupt Link [LNKC] (IRQs 3 4 5 6 *7 10 11 12 14 15)
[    0.378807] ACPI: PCI Interrupt Link [LNKD] (IRQs *3 4 5 6 7 10 11 12 14 15)
[    0.379010] ACPI: PCI Interrupt Link [LNKE] (IRQs 3 4 5 6 7 10 11 12 14 15) *0, disabled.
[    0.379217] ACPI: PCI Interrupt Link [LNKF] (IRQs 3 4 5 6 7 10 11 12 14 15) *0, disabled.
[    0.379424] ACPI: PCI Interrupt Link [LNKG] (IRQs 3 4 5 6 7 10 11 12 14 15) *0, disabled.
[    0.379632] ACPI: PCI Interrupt Link [LNKH] (IRQs 3 4 *5 6 7 10 11 12 14 15)
[    0.380039] SCSI subsystem initialized
[    0.380120] libata version 3.00 loaded.
[    0.380129] usbcore: registered new interface driver usbfs
[    0.380129] usbcore: registered new interface driver hub
[    0.380141] usbcore: registered new device driver usb
[    0.380236] ACPI: WMI: Mapper loaded
[    0.380241] PCI: Using ACPI for IRQ routing
[    0.392023] Bluetooth: Core ver 2.15
[    0.392066] NET: Registered protocol family 31
[    0.392066] Bluetooth: HCI device and connection manager initialized
[    0.392066] Bluetooth: HCI socket layer initialized
[    0.392066] NetLabel: Initializing
[    0.392066] NetLabel:  domain hash size = 128
[    0.392066] NetLabel:  protocols = UNLABELED CIPSOv4
[    0.392081] NetLabel:  unlabeled traffic allowed by default
[    0.392311] hpet clockevent registered
[    0.392317] HPET: 3 timers in total, 0 timers will be used for per-cpu timer
[    0.392326] hpet0: at MMIO 0xfed03000, IRQs 2, 8, 0
[    0.392338] hpet0: 3 comparators, 64-bit 14.318180 MHz counter
[    0.412026] pnp: PnP ACPI init
[    0.412066] ACPI: bus type pnp registered
[    0.469537] pnp: PnP ACPI: found 11 devices
[    0.469545] ACPI: ACPI bus type pnp unregistered
[    0.469553] PnPBIOS: Disabled by ACPI PNP
[    0.469580] system 00:01: iomem range 0xfed14000-0xfed17fff has been reserved
[    0.469587] system 00:01: iomem range 0xfed19000-0xfed19fff has been reserved
[    0.469595] system 00:01: iomem range 0xfed18000-0xfed18fff has been reserved
[    0.469602] system 00:01: iomem range 0xe0000000-0xefffffff has been reserved
[    0.469620] system 00:05: ioport range 0x4d0-0x4d1 has been reserved
[    0.469635] system 00:09: ioport range 0x400-0x47f has been reserved
[    0.469642] system 00:09: ioport range 0x1180-0x119f has been reserved
[    0.469649] system 00:09: ioport range 0x500-0x53f has been reserved
[    0.469657] system 00:09: iomem range 0xfec00000-0xfec00fff could not be reserved
[    0.469665] system 00:09: iomem range 0xfee00000-0xfee00fff has been reserved
[    0.469672] system 00:09: iomem range 0xfed20000-0xfed23fff has been reserved
[    0.469680] system 00:09: iomem range 0xffb00000-0xffbfffff has been reserved
[    0.469687] system 00:09: iomem range 0xfc800400-0xfc800fff has been reserved
[    0.504541] AppArmor: AppArmor Filesystem Enabled
[    0.504601] pci 0000:00:1c.0: PCI bridge, secondary bus 0000:01
[    0.504609] pci 0000:00:1c.0:   IO window: 0xc000-0xcfff
[    0.504618] pci 0000:00:1c.0:   MEM window: 0xdfd00000-0xdfdfffff
[    0.504627] pci 0000:00:1c.0:   PREFETCH window: 0x000000ffd00000-0x000000ffdfffff
[    0.504638] pci 0000:00:1c.1: PCI bridge, secondary bus 0000:02
[    0.504645] pci 0000:00:1c.1:   IO window: 0xb000-0xbfff
[    0.504654] pci 0000:00:1c.1:   MEM window: 0xdfc00000-0xdfcfffff
[    0.504661] pci 0000:00:1c.1:   PREFETCH window: disabled
[    0.504669] pci 0000:00:1e.0: PCI bridge, secondary bus 0000:03
[    0.504674] pci 0000:00:1e.0:   IO window: disabled
[    0.504682] pci 0000:00:1e.0:   MEM window: disabled
[    0.504688] pci 0000:00:1e.0:   PREFETCH window: disabled
[    0.504710]   alloc irq_desc for 16 on node -1
[    0.504715]   alloc kstat_irqs on node -1
[    0.504728] pci 0000:00:1c.0: PCI INT A -> GSI 16 (level, low) -> IRQ 16
[    0.504737] pci 0000:00:1c.0: setting latency timer to 64
[    0.504750]   alloc irq_desc for 17 on node -1
[    0.504755]   alloc kstat_irqs on node -1
[    0.504763] pci 0000:00:1c.1: PCI INT B -> GSI 17 (level, low) -> IRQ 17
[    0.504771] pci 0000:00:1c.1: setting latency timer to 64
[    0.504783] pci 0000:00:1e.0: setting latency timer to 64
[    0.504792] pci_bus 0000:00: resource 0 io:  [0x00-0xffff]
[    0.504798] pci_bus 0000:00: resource 1 mem: [0x000000-0xffffffff]
[    0.504804] pci_bus 0000:01: resource 0 io:  [0xc000-0xcfff]
[    0.504811] pci_bus 0000:01: resource 1 mem: [0xdfd00000-0xdfdfffff]
[    0.504817] pci_bus 0000:01: resource 2 pref mem [0xffd00000-0xffdfffff]
[    0.504824] pci_bus 0000:02: resource 0 io:  [0xb000-0xbfff]
[    0.504830] pci_bus 0000:02: resource 1 mem: [0xdfc00000-0xdfcfffff]
[    0.504836] pci_bus 0000:03: resource 3 io:  [0x00-0xffff]
[    0.504843] pci_bus 0000:03: resource 4 mem: [0x000000-0xffffffff]
[    0.504919] NET: Registered protocol family 2
[    0.505128] IP route cache hash table entries: 32768 (order: 5, 131072 bytes)
[    0.505788] TCP established hash table entries: 131072 (order: 8, 1048576 bytes)
[    0.506767] TCP bind hash table entries: 65536 (order: 7, 524288 bytes)
[    0.507212] TCP: Hash tables configured (established 131072 bind 65536)
[    0.507219] TCP reno registered
[    0.507432] NET: Registered protocol family 1
[    0.507579] Trying to unpack rootfs image as initramfs...
[    0.868415] Freeing initrd memory: 7466k freed
[    0.875687] cpufreq-nforce2: No nForce2 chipset.
[    0.875749] Scanning for low memory corruption every 60 seconds
[    0.876027] audit: initializing netlink socket (disabled)
[    0.876058] type=2000 audit(1263472014.875:1): initialized
[    0.893073] Switched to high resolution mode on CPU 1
[    0.893448] highmem bounce pool size: 64 pages
[    0.893460] HugeTLB registered 4 MB page size, pre-allocated 0 pages
[    0.895993] Switched to high resolution mode on CPU 0
[    0.896904] VFS: Disk quotas dquot_6.5.2
[    0.897053] Dquot-cache hash table entries: 1024 (order 0, 4096 bytes)
[    0.898328] fuse init (API version 7.12)
[    0.898522] msgmni has been set to 1706
[    0.899011] alg: No test for stdrng (krng)
[    0.899042] io scheduler noop registered
[    0.899047] io scheduler anticipatory registered
[    0.899052] io scheduler deadline registered
[    0.899170] io scheduler cfq registered (default)
[    0.899195] pci 0000:00:02.0: Boot video device
[    0.899599]   alloc irq_desc for 24 on node -1
[    0.899604]   alloc kstat_irqs on node -1
[    0.899621] pcieport-driver 0000:00:1c.0: irq 24 for MSI/MSI-X
[    0.899636] pcieport-driver 0000:00:1c.0: setting latency timer to 64
[    0.899823]   alloc irq_desc for 25 on node -1
[    0.899828]   alloc kstat_irqs on node -1
[    0.899841] pcieport-driver 0000:00:1c.1: irq 25 for MSI/MSI-X
[    0.899854] pcieport-driver 0000:00:1c.1: setting latency timer to 64
[    0.900033] pci_hotplug: PCI Hot Plug PCI Core version: 0.5
[    0.900061] Firmware did not grant requested _OSC control
[    0.900092] Firmware did not grant requested _OSC control
[    0.900152] Firmware did not grant requested _OSC control
[    0.900177] Firmware did not grant requested _OSC control
[    0.900207] pciehp: PCI Express Hot Plug Controller Driver version: 0.4
[    0.956136] ACPI: AC Adapter [ADP1] (off-line)
[    0.956275] input: Power Button as /devices/LNXSYSTM:00/LNXPWRBN:00/input/input0
[    0.956283] ACPI: Power Button [PWRF]
[    0.956399] input: Lid Switch as /devices/LNXSYSTM:00/device:00/PNP0A08:00/device:11/PNP0C09:00/PNP0C0D:00/input/input1
[    1.012079] ACPI: Lid Switch [LID0]
[    1.012183] input: Power Button as /devices/LNXSYSTM:00/device:00/PNP0C0C:00/input/input2
[    1.012190] ACPI: Power Button [PWRB]
[    1.012291] input: Sleep Button as /devices/LNXSYSTM:00/device:00/PNP0C0E:00/input/input3
[    1.012299] ACPI: Sleep Button [SLPB]
[    1.013549] ACPI: SSDT 7f5e8c90 00253 (v02  PmRef  Cpu0Ist 00003000 INTL 20051117)
[    1.014430] ACPI: SSDT 7f5e7690 00653 (v02  PmRef  Cpu0Cst 00003001 INTL 20051117)
[    1.019189] Monitor-Mwait will be used to enter C-1 state
[    1.019266] Monitor-Mwait will be used to enter C-2 state
[    1.019329] Monitor-Mwait will be used to enter C-3 state
[    1.019351] Marking TSC unstable due to TSC halts in idle
[    1.019395] ACPI: CPU0 (power states: C1[C1] C2[C2] C3[C3])
[    1.019456] processor LNXCPU:00: registered as cooling_device0
[    1.019466] ACPI: Processor [CPU0] (supports 8 throttling states)
[    1.020205] ACPI: SSDT 7f5e8f10 000D0 (v02  PmRef  Cpu1Ist 00003000 INTL 20051117)
[    1.020781] ACPI: SSDT 7f611b10 00083 (v02  PmRef  Cpu1Cst 00003000 INTL 20051117)
[    1.022523] ACPI: CPU1 (power states: C1[C1] C2[C2] C3[C3])
[    1.022582] processor LNXCPU:01: registered as cooling_device1
[    1.022606] ACPI: Processor [CPU1] (supports 8 throttling states)
[    1.192153] thermal LNXTHERM:01: registered as thermal_zone0
[    1.192172] ACPI: Thermal Zone [THRM] (27 C)
[    1.192280] isapnp: Scanning for PnP cards...
[    1.545411] isapnp: No Plug & Play device found
[    1.548116] Serial: 8250/16550 driver, 4 ports, IRQ sharing enabled
[    1.550743] brd: module loaded
[    1.551754] loop: module loaded
[    1.551930] input: Macintosh mouse button emulation as /devices/virtual/input/input4
[    1.552177] ata_piix 0000:00:1f.2: version 2.13
[    1.552204]   alloc irq_desc for 19 on node -1
[    1.552210]   alloc kstat_irqs on node -1
[    1.552223] ata_piix 0000:00:1f.2: PCI INT B -> GSI 19 (level, low) -> IRQ 19
[    1.552234] ata_piix 0000:00:1f.2: MAP [ P0 P2 IDE IDE ]
[    1.704038] ata_piix 0000:00:1f.2: setting latency timer to 64
[    1.704188] scsi0 : ata_piix
[    1.704382] scsi1 : ata_piix
[    1.704467] ata1: SATA max UDMA/133 cmd 0x1f0 ctl 0x3f6 bmdma 0xd0a0 irq 14
[    1.704475] ata2: PATA max UDMA/100 cmd 0x170 ctl 0x376 bmdma 0xd0a8 irq 15
[    1.706468] Fixed MDIO Bus: probed
[    1.706551] PPP generic driver version 2.4.2
[    1.706764] ehci_hcd: USB 2.0 'Enhanced' Host Controller (EHCI) Driver
[    1.706809]   alloc irq_desc for 23 on node -1
[    1.706815]   alloc kstat_irqs on node -1
[    1.706828] ehci_hcd 0000:00:1d.7: PCI INT A -> GSI 23 (level, low) -> IRQ 23
[    1.706858] ehci_hcd 0000:00:1d.7: setting latency timer to 64
[    1.706865] ehci_hcd 0000:00:1d.7: EHCI Host Controller
[    1.706981] ehci_hcd 0000:00:1d.7: new USB bus registered, assigned bus number 1
[    1.710918] ehci_hcd 0000:00:1d.7: debug port 1
[    1.710929] ehci_hcd 0000:00:1d.7: cache line size of 32 is not supported
[    1.710959] ehci_hcd 0000:00:1d.7: irq 23, io mem 0xdff40000
[    1.724031] ehci_hcd 0000:00:1d.7: USB 2.0 started, EHCI 1.00
[    1.724208] usb usb1: configuration #1 chosen from 1 choice
[    1.724274] hub 1-0:1.0: USB hub found
[    1.724292] hub 1-0:1.0: 8 ports detected
[    1.724430] ohci_hcd: USB 1.1 'Open' Host Controller (OHCI) Driver
[    1.724475] uhci_hcd: USB Universal Host Controller Interface driver
[    1.724546] uhci_hcd 0000:00:1d.0: PCI INT A -> GSI 23 (level, low) -> IRQ 23
[    1.724559] uhci_hcd 0000:00:1d.0: setting latency timer to 64
[    1.724566] uhci_hcd 0000:00:1d.0: UHCI Host Controller
[    1.724648] uhci_hcd 0000:00:1d.0: new USB bus registered, assigned bus number 2
[    1.724685] uhci_hcd 0000:00:1d.0: irq 23, io base 0x0000d080
[    1.724854] usb usb2: configuration #1 chosen from 1 choice
[    1.724917] hub 2-0:1.0: USB hub found
[    1.724932] hub 2-0:1.0: 2 ports detected
[    1.725059] uhci_hcd 0000:00:1d.1: PCI INT B -> GSI 19 (level, low) -> IRQ 19
[    1.725070] uhci_hcd 0000:00:1d.1: setting latency timer to 64
[    1.725077] uhci_hcd 0000:00:1d.1: UHCI Host Controller
[    1.725159] uhci_hcd 0000:00:1d.1: new USB bus registered, assigned bus number 3
[    1.725206] uhci_hcd 0000:00:1d.1: irq 19, io base 0x0000d060
[    1.725367] usb usb3: configuration #1 chosen from 1 choice
[    1.725427] hub 3-0:1.0: USB hub found
[    1.725442] hub 3-0:1.0: 2 ports detected
[    1.725539]   alloc irq_desc for 18 on node -1
[    1.725544]   alloc kstat_irqs on node -1
[    1.725556] uhci_hcd 0000:00:1d.2: PCI INT C -> GSI 18 (level, low) -> IRQ 18
[    1.725567] uhci_hcd 0000:00:1d.2: setting latency timer to 64
[    1.725574] uhci_hcd 0000:00:1d.2: UHCI Host Controller
[    1.725644] uhci_hcd 0000:00:1d.2: new USB bus registered, assigned bus number 4
[    1.725689] uhci_hcd 0000:00:1d.2: irq 18, io base 0x0000d040
[    1.725852] usb usb4: configuration #1 chosen from 1 choice
[    1.725912] hub 4-0:1.0: USB hub found
[    1.725927] hub 4-0:1.0: 2 ports detected
[    1.726019] uhci_hcd 0000:00:1d.3: PCI INT D -> GSI 16 (level, low) -> IRQ 16
[    1.726030] uhci_hcd 0000:00:1d.3: setting latency timer to 64
[    1.726036] uhci_hcd 0000:00:1d.3: UHCI Host Controller
[    1.726103] uhci_hcd 0000:00:1d.3: new USB bus registered, assigned bus number 5
[    1.726150] uhci_hcd 0000:00:1d.3: irq 16, io base 0x0000d020
[    1.726314] usb usb5: configuration #1 chosen from 1 choice
[    1.726374] hub 5-0:1.0: USB hub found
[    1.726390] hub 5-0:1.0: 2 ports detected
[    1.726584] PNP: PS/2 Controller [PNP0303:PS2K,PNP0f03:PS2M] at 0x60,0x64 irq 1,12
[    1.745231] serio: i8042 KBD port at 0x60,0x64 irq 1
[    1.745246] serio: i8042 AUX port at 0x60,0x64 irq 12
[    1.745411] mice: PS/2 mouse device common for all mice
[    1.745698] rtc_cmos 00:04: RTC can wake from S4
[    1.745791] rtc_cmos 00:04: rtc core: registered rtc_cmos as rtc0
[    1.745831] rtc0: alarms up to one year, y3k, 114 bytes nvram, hpet irqs
[    1.746147] device-mapper: uevent: version 1.0.3
[    1.746885] device-mapper: ioctl: 4.15.0-ioctl (2009-04-01) initialised: dm-devel@redhat.com
[    1.747064] device-mapper: multipath: version 1.1.0 loaded
[    1.747073] device-mapper: multipath round-robin: version 1.0.0 loaded
[    1.747363] EISA: Probing bus 0 at eisa.0
[    1.747401] EISA: Detected 0 cards.
[    1.747779] cpuidle: using governor ladder
[    1.748055] cpuidle: using governor menu
[    1.749186] TCP cubic registered
[    1.749583] NET: Registered protocol family 10
[    1.750569] lo: Disabled Privacy Extensions
[    1.751256] NET: Registered protocol family 17
[    1.751303] Bluetooth: L2CAP ver 2.13
[    1.751307] Bluetooth: L2CAP socket layer initialized
[    1.751313] Bluetooth: SCO (Voice Link) ver 0.6
[    1.751317] Bluetooth: SCO socket layer initialized
[    1.751419] Bluetooth: RFCOMM TTY layer initialized
[    1.751429] Bluetooth: RFCOMM socket layer initialized
[    1.751435] Bluetooth: RFCOMM ver 1.11
[    1.752587] Using IPI No-Shortcut mode
[    1.752752] PM: Resume from disk failed.
[    1.752778] registered taskstats version 1
[    1.753002]   Magic number: 10:665:430
[    1.753123] rtc_cmos 00:04: setting system clock to 2010-01-14 12:26:56 UTC (1263472016)
[    1.753132] BIOS EDD facility v0.16 2004-Jun-25, 0 devices found
[    1.753136] EDD information not available.
[    1.759795] input: AT Translated Set 2 keyboard as /devices/platform/i8042/serio0/input/input5
[    1.876602] ata1.00: ATA-8: TOSHIBA MK1246GSX, LB213J, max UDMA/100
[    1.876619] ata1.00: 234441648 sectors, multi 16: LBA48 NCQ (depth 0/32)
[    1.884642] ata1.00: configured for UDMA/100
[    1.892095] Clocksource tsc unstable (delta = -126432584 ns)
[    2.036136] usb 1-5: new high speed USB device using ehci_hcd and address 2
[    2.225485] usb 1-5: configuration #1 chosen from 1 choice
[    2.260239] ACPI: Battery Slot [BAT1] (battery present)
[    2.260616] scsi 0:0:0:0: Direct-Access     ATA      TOSHIBA MK1246GS LB21 PQ: 0 ANSI: 5
[    2.260875] sd 0:0:0:0: Attached scsi generic sg0 type 0
[    2.260964] sd 0:0:0:0: [sda] 234441648 512-byte logical blocks: (120 GB/111 GiB)
[    2.261098] sd 0:0:0:0: [sda] Write Protect is off
[    2.261105] sd 0:0:0:0: [sda] Mode Sense: 00 3a 00 00
[    2.261176] sd 0:0:0:0: [sda] Write cache: enabled, read cache: enabled, doesn't support DPO or FUA
[    2.261509]  sda: sda1 sda2 sda3
[    2.306532] sd 0:0:0:0: [sda] Attached SCSI disk
[    2.336130] usb 1-6: new high speed USB device using ehci_hcd and address 3
[    2.479374] usb 1-6: configuration #1 chosen from 1 choice
[    2.920404] Freeing unused kernel memory: 540k freed
[    2.920892] Write protecting the kernel text: 4568k
[    2.920970] Write protecting the kernel read-only data: 1836k
[    3.258893] r8169 Gigabit Ethernet driver 2.3LK-NAPI loaded
[    3.258939] r8169 0000:01:00.0: PCI INT A -> GSI 16 (level, low) -> IRQ 16
[    3.259006] r8169 0000:01:00.0: setting latency timer to 64
[    3.259068]   alloc irq_desc for 26 on node -1
[    3.259076]   alloc kstat_irqs on node -1
[    3.259104] r8169 0000:01:00.0: irq 26 for MSI/MSI-X
[    3.260908] eth0: RTL8102e at 0xf8092000, 00:21:85:4d:f7:7a, XID 34a00000 IRQ 26
[    3.328895] atkbd.c: Unknown key pressed (translated set 2, code 0xf8 on isa0060/serio0).
[    3.328907] atkbd.c: Use 'setkeycodes e078 <keycode>' to make it known.
[    3.332204] atkbd.c: Unknown key released (translated set 2, code 0xf8 on isa0060/serio0).
[    3.332216] atkbd.c: Use 'setkeycodes e078 <keycode>' to make it known.
[    3.357285] Linux agpgart interface v0.103
[    3.428082] atkbd.c: Unknown key pressed (translated set 2, code 0xf7 on isa0060/serio0).
[    3.428093] atkbd.c: Use 'setkeycodes e077 <keycode>' to make it known.
[    3.431661] atkbd.c: Unknown key released (translated set 2, code 0xf7 on isa0060/serio0).
[    3.431673] atkbd.c: Use 'setkeycodes e077 <keycode>' to make it known.
[    3.434261] agpgart-intel 0000:00:00.0: Intel 945GME Chipset
[    3.434605] agpgart-intel 0000:00:00.0: detected 7932K stolen memory
[    3.437653] agpgart-intel 0000:00:00.0: AGP aperture is 256M @ 0xc0000000
[    3.453064] Initializing USB Mass Storage driver...
[    3.453510] scsi2 : SCSI emulation for USB Mass Storage devices
[    3.453843] usbcore: registered new interface driver usb-storage
[    3.453856] USB Mass Storage support registered.
[    3.454154] usb-storage: device found at 3
[    3.454161] usb-storage: waiting for device to settle before scanning
[    3.468292] acpi device:1c: registered as cooling_device2
[    3.468516] input: Video Bus as /devices/LNXSYSTM:00/device:00/PNP0A08:00/device:1a/input/input6
[    3.468598] ACPI: Video Device [IGD] (multi-head: yes  rom: no  post: no)
[    3.516279] [drm] Initialized drm 1.1.0 20060810
[    3.552622] i915 0000:00:02.0: PCI INT A -> GSI 16 (level, low) -> IRQ 16
[    3.552633] i915 0000:00:02.0: setting latency timer to 64
[    3.658592] integrated sync not supported
[    3.778707] integrated sync not supported
[    3.783989] [drm] fb0: inteldrmfb frame buffer device
[    3.784036] [drm] Initialized i915 1.6.0 20080730 for 0000:00:02.0 on minor 0
[    4.110295] [drm] LVDS-8: set mode 1024x600 e
[    4.511954] Console: switching to colour frame buffer device 128x37
[    5.106032] PM: Starting manual resume from disk
[    5.106042] PM: Resume from partition 8:2
[    5.106046] PM: Checking hibernation image.
[    5.106325] PM: Resume from disk failed.
[    5.139119] EXT4-fs (sda1): barriers enabled
[    5.155806] kjournald2 starting: pid 380, dev sda1:8, commit interval 5 seconds
[    5.155837] EXT4-fs (sda1): delayed allocation enabled
[    5.155844] EXT4-fs: file extents enabled
[    5.159074] EXT4-fs: mballoc enabled
[    5.159109] EXT4-fs (sda1): mounted filesystem with ordered data mode
[    5.866237] type=1505 audit(1263472020.611:2): operation="profile_load" pid=403 name=/usr/share/gdm/guest-session/Xsession
[    5.870831] type=1505 audit(1263472020.614:3): operation="profile_load" pid=404 name=/sbin/dhclient3
[    5.871411] type=1505 audit(1263472020.614:4): operation="profile_load" pid=404 name=/usr/lib/NetworkManager/nm-dhcp-client.action
[    5.871743] type=1505 audit(1263472020.614:5): operation="profile_load" pid=404 name=/usr/lib/connman/scripts/dhclient-script
[    5.949703] type=1505 audit(1263472020.694:6): operation="profile_load" pid=405 name=/usr/bin/evince
[    5.958930] type=1505 audit(1263472020.702:7): operation="profile_load" pid=405 name=/usr/bin/evince-previewer
[    5.964635] type=1505 audit(1263472020.710:8): operation="profile_load" pid=405 name=/usr/bin/evince-thumbnailer
[    5.983496] type=1505 audit(1263472020.726:9): operation="profile_load" pid=407 name=/usr/lib/cups/backend/cups-pdf
[    5.984268] type=1505 audit(1263472020.730:10): operation="profile_load" pid=407 name=/usr/sbin/cupsd
[    5.999240] type=1505 audit(1263472020.742:11): operation="profile_load" pid=408 name=/usr/sbin/tcpdump
[    8.452571] usb-storage: device scan complete
[    8.454628] scsi 2:0:0:0: Direct-Access     Generic- Multi-Card       1.00 PQ: 0 ANSI: 0 CCS
[    8.455636] sd 2:0:0:0: Attached scsi generic sg1 type 0
[    8.459708] sd 2:0:0:0: [sdb] Attached SCSI removable disk
[   15.574733] Adding 2931852k swap on /dev/sda2.  Priority:-1 extents:1 across:2931852k 
[   15.588101] udev: starting version 147
[   15.633638] lp: driver loaded but no devices found
[   15.885024] EXT4-fs (sda1): internal journal on sda1:8
[   16.408123] intel_rng: FWH not detected
[   16.466003] rtl8187se: module is from the staging directory, the quality is unknown, you have been warned.
[   16.616583] ieee80211_crypt: registered algorithm 'NULL'
[   16.616594] ieee80211_crypt: registered algorithm 'TKIP'
[   16.616600] ieee80211_crypt: registered algorithm 'CCMP'
[   16.616606] ieee80211_crypt: registered algorithm 'WEP'
[   16.616612] 
[   16.616614] Linux kernel driver for RTL8180 / RTL8185 based WLAN cards
[   16.616620] Copyright (c) 2004-2005, Andrea Merello
[   16.616626] r8180: Initializing module
[   16.616631] r8180: Wireless extensions version 22
[   16.616637] r8180: Initializing proc filesystem
[   16.616728] r8180: Configuring chip resources
[   16.616762] r8180 0000:02:00.0: PCI INT A -> GSI 17 (level, low) -> IRQ 17
[   16.616776] r8180 0000:02:00.0: setting latency timer to 64
[   16.717336] r8180: Channel plan is 2
[   16.717341] 
[   16.717349] Dot11d_Init()
[   16.717358] r8180: MAC controller is a RTL8187SE b/g
[   16.717364] r8180: This is a PCI NIC
[   16.719777] r8180: usValue is 0x100
[   16.719782] 
[   16.775138] r8180: EEPROM version 104
[   16.779978] r8180: WW:**PLEASE** REPORT SUCCESSFUL/UNSUCCESSFUL TO Realtek!
[   16.812663] r8180: IRQ 17
[   16.814801] r8180: Driver probe completed
[   16.814807] 
[   16.856808] EXT4-fs (sda3): barriers enabled
[   16.874150] ip_tables: (C) 2000-2006 Netfilter Core Team
[   16.933702] kjournald2 starting: pid 680, dev sda3:8, commit interval 5 seconds
[   16.947345] EXT4-fs (sda3): internal journal on sda3:8
[   16.947360] EXT4-fs (sda3): delayed allocation enabled
[   16.947370] EXT4-fs: file extents enabled
[   17.007244] EXT4-fs: mballoc enabled
[   17.007281] EXT4-fs (sda3): mounted filesystem with ordered data mode
[   17.167004] psmouse serio1: ID: 10 00 64
[   17.452318] HDA Intel 0000:00:1b.0: PCI INT A -> GSI 16 (level, low) -> IRQ 16
[   17.452381] HDA Intel 0000:00:1b.0: setting latency timer to 64
[   17.592939] hda_codec: Unknown model for ALC1200, trying auto-probe from BIOS...
[   17.593151] input: HDA Digital PCBeep as /devices/pci0000:00/0000:00:1b.0/input/input7
[   17.805886] r8169: eth0: link down
[   17.806504] ADDRCONF(NETDEV_UP): eth0: link is not ready
[   17.827669] r8180: Bringing up iface
[   17.909572] input: ImExPS/2 Generic Explorer Mouse as /devices/platform/i8042/serio1/input/input8
[   18.026238] r8180: Card successfully reset
[   18.727135] integrated sync not supported
[   18.735385] type=1505 audit(1263468433.478:12): operation="profile_replace" pid=918 name=/usr/share/gdm/guest-session/Xsession
[   18.741118] type=1505 audit(1263468433.486:13): operation="profile_replace" pid=919 name=/sbin/dhclient3
[   18.741923] type=1505 audit(1263468433.486:14): operation="profile_replace" pid=919 name=/usr/lib/NetworkManager/nm-dhcp-client.action
[   18.742377] type=1505 audit(1263468433.486:15): operation="profile_replace" pid=919 name=/usr/lib/connman/scripts/dhclient-script
[   18.751129] type=1505 audit(1263468433.494:16): operation="profile_replace" pid=920 name=/usr/bin/evince
[   18.763855] r8180: WIRELESS_MODE_G
[   18.763861] 
[   18.767436] type=1505 audit(1263468433.510:17): operation="profile_replace" pid=920 name=/usr/bin/evince-previewer
[   18.794745] ADDRCONF(NETDEV_UP): wlan0: link is not ready
[   18.879914] type=1505 audit(1263468433.622:18): operation="profile_replace" pid=920 name=/usr/bin/evince-thumbnailer
[   18.894630] integrated sync not supported
[   18.897512] type=1505 audit(1263468433.642:19): operation="profile_replace" pid=925 name=/usr/lib/cups/backend/cups-pdf
[   18.898563] type=1505 audit(1263468433.642:20): operation="profile_replace" pid=925 name=/usr/sbin/cupsd
[   18.915229] type=1505 audit(1263468433.658:21): operation="profile_replace" pid=926 name=/usr/sbin/tcpdump
[   21.278499] ppdev: user-space parallel port driver
[   22.190820] CPU0 attaching NULL sched-domain.
[   22.190833] CPU1 attaching NULL sched-domain.
[   22.208212] CPU0 attaching sched-domain:
[   22.208222]  domain 0: span 0-1 level SIBLING
[   22.208229]   groups: 0 1
[   22.208238]   domain 1: span 0-1 level MC
[   22.208244]    groups: 0-1 (__cpu_power = 2048)
[   22.208255] CPU1 attaching sched-domain:
[   22.208260]  domain 0: span 0-1 level SIBLING
[   22.208265]   groups: 1 0
[   22.208273]   domain 1: span 0-1 level MC
[   22.208278]    groups: 0-1 (__cpu_power = 2048)
[   24.559415] CPU0 attaching NULL sched-domain.
[   24.559429] CPU1 attaching NULL sched-domain.
[   24.573216] CPU0 attaching sched-domain:
[   24.573225]  domain 0: span 0-1 level SIBLING
[   24.573232]   groups: 0 1
[   24.573241]   domain 1: span 0-1 level MC
[   24.573247]    groups: 0-1 (__cpu_power = 2048)
[   24.573258] CPU1 attaching sched-domain:
[   24.573263]  domain 0: span 0-1 level SIBLING
[   24.573268]   groups: 1 0
[   24.573276]   domain 1: span 0-1 level MC
[   24.573281]    groups: 0-1 (__cpu_power = 2048)
[   25.360241] integrated sync not supported
[   25.502810] integrated sync not supported
[   25.647145] integrated sync not supported
[   27.438009] integrated sync not supported
