[    0.000000] Linux version 2.6.30-tuxonice-r6-s1 (portage@savara) (gcc version 4.4.1 (Gentoo 4.4.1 p1.0) ) #1 SMP Thu Oct 29 22:43:36 CET 2009
[    0.000000] Command line: root=/dev/sda2 ro
[    0.000000] KERNEL supported cpus:
[    0.000000]   AMD AuthenticAMD
[    0.000000] BIOS-provided physical RAM map:
[    0.000000]  BIOS-e820: 0000000000000000 - 000000000009fc00 (usable)
[    0.000000]  BIOS-e820: 000000000009fc00 - 00000000000a0000 (reserved)
[    0.000000]  BIOS-e820: 00000000000e0000 - 0000000000100000 (reserved)
[    0.000000]  BIOS-e820: 0000000000100000 - 00000000bffd0000 (usable)
[    0.000000]  BIOS-e820: 00000000bffd0000 - 00000000bffde000 (ACPI data)
[    0.000000]  BIOS-e820: 00000000bffde000 - 00000000c0000000 (ACPI NVS)
[    0.000000]  BIOS-e820: 00000000d0000000 - 00000000e0000000 (reserved)
[    0.000000]  BIOS-e820: 00000000fec00000 - 00000000fec01000 (reserved)
[    0.000000]  BIOS-e820: 00000000fee00000 - 00000000fef00000 (reserved)
[    0.000000]  BIOS-e820: 00000000ff780000 - 0000000100000000 (reserved)
[    0.000000]  BIOS-e820: 0000000100000000 - 00000001c0000000 (usable)
[    0.000000] DMI present.
[    0.000000] last_pfn = 0x1c0000 max_arch_pfn = 0x100000000
[    0.000000] MTRR default type: uncachable
[    0.000000] MTRR fixed ranges enabled:
[    0.000000]   00000-9FFFF write-back
[    0.000000]   A0000-EFFFF uncachable
[    0.000000]   F0000-FFFFF write-protect
[    0.000000] MTRR variable ranges enabled:
[    0.000000]   0 base 0000000000 mask FF80000000 write-back
[    0.000000]   1 base 0080000000 mask FFC0000000 write-back
[    0.000000]   2 disabled
[    0.000000]   3 disabled
[    0.000000]   4 disabled
[    0.000000]   5 disabled
[    0.000000]   6 disabled
[    0.000000]   7 disabled
[    0.000000] TOM2: 00000001c0000000 aka 7168M
[    0.000000] x86 PAT enabled: cpu 0, old 0x7040600070406, new 0x7010600070106
[    0.000000] e820 update range: 00000000c0000000 - 0000000100000000 (usable) ==> (reserved)
[    0.000000] last_pfn = 0xbffd0 max_arch_pfn = 0x100000000
[    0.000000] init_memory_mapping: 0000000000000000-00000000bffd0000
[    0.000000]  0000000000 - 00bfe00000 page 2M
[    0.000000]  00bfe00000 - 00bffd0000 page 4k
[    0.000000] kernel direct mapping tables up to bffd0000 @ 8000-d000
[    0.000000] init_memory_mapping: 0000000100000000-00000001c0000000
[    0.000000]  0100000000 - 01c0000000 page 2M
[    0.000000] kernel direct mapping tables up to 1c0000000 @ b000-13000
[    0.000000] ACPI: RSDP 00000000000f9100 00014 (v00 ACPIAM)
[    0.000000] ACPI: RSDT 00000000bffd0000 0003C (v01 A M I  OEMRSDT  05000717 MSFT 00000097)
[    0.000000] ACPI: FACP 00000000bffd0200 00084 (v02 A M I  OEMFACP  05000717 MSFT 00000097)
[    0.000000] ACPI: DSDT 00000000bffd0440 05035 (v01  1ADGH 1ADGH013 00000013 INTL 20051117)
[    0.000000] ACPI: FACS 00000000bffde000 00040
[    0.000000] ACPI: APIC 00000000bffd0390 00070 (v01 A M I  OEMAPIC  05000717 MSFT 00000097)
[    0.000000] ACPI: MCFG 00000000bffd0400 0003C (v01 A M I  OEMMCFG  05000717 MSFT 00000097)
[    0.000000] ACPI: OEMB 00000000bffde040 00061 (v01 A M I  AMI_OEM  05000717 MSFT 00000097)
[    0.000000] ACPI: HPET 00000000bffd5480 00038 (v01 A M I  OEMHPET0 05000717 MSFT 00000097)
[    0.000000] ACPI: SSDT 00000000bffd54c0 001C4 (v01 A M I  POWERNOW 00000001 AMD  00000001)
[    0.000000] ACPI: Local APIC address 0xfee00000
[    0.000000] (7 early reservations) ==> bootmem [0000000000 - 01c0000000]
[    0.000000]   #0 [0000000000 - 0000001000]   BIOS data page ==> [0000000000 - 0000001000]
[    0.000000]   #1 [0000006000 - 0000008000]       TRAMPOLINE ==> [0000006000 - 0000008000]
[    0.000000]   #2 [0000400000 - 00009093e8]    TEXT DATA BSS ==> [0000400000 - 00009093e8]
[    0.000000]   #3 [000009fc00 - 0000100000]    BIOS reserved ==> [000009fc00 - 0000100000]
[    0.000000]   #4 [000090a000 - 000090a16c]              BRK ==> [000090a000 - 000090a16c]
[    0.000000]   #5 [0000008000 - 000000b000]          PGTABLE ==> [0000008000 - 000000b000]
[    0.000000]   #6 [000000b000 - 000000e000]          PGTABLE ==> [000000b000 - 000000e000]
[    0.000000] found SMP MP-table at [ffff8800000ff780] ff780
[    0.000000]  [ffffe20000000000-ffffe200061fffff] PMD -> [ffff880028200000-ffff88002e3fffff] on node 0
[    0.000000] Zone PFN ranges:
[    0.000000]   DMA      0x00000000 -> 0x00001000
[    0.000000]   DMA32    0x00001000 -> 0x00100000
[    0.000000]   Normal   0x00100000 -> 0x001c0000
[    0.000000] Movable zone start PFN for each node
[    0.000000] early_node_map[3] active PFN ranges
[    0.000000]     0: 0x00000000 -> 0x0000009f
[    0.000000]     0: 0x00000100 -> 0x000bffd0
[    0.000000]     0: 0x00100000 -> 0x001c0000
[    0.000000] On node 0 totalpages: 1572719
[    0.000000]   DMA zone: 56 pages used for memmap
[    0.000000]   DMA zone: 1394 pages reserved
[    0.000000]   DMA zone: 2549 pages, LIFO batch:0
[    0.000000]   DMA32 zone: 14280 pages used for memmap
[    0.000000]   DMA32 zone: 768008 pages, LIFO batch:31
[    0.000000]   Normal zone: 10752 pages used for memmap
[    0.000000]   Normal zone: 775680 pages, LIFO batch:31
[    0.000000] Detected use of extended apic ids on hypertransport bus
[    0.000000] ACPI: PM-Timer IO Port: 0x2008
[    0.000000] ACPI: Local APIC address 0xfee00000
[    0.000000] ACPI: LAPIC (acpi_id[0x01] lapic_id[0x00] enabled)
[    0.000000] ACPI: LAPIC (acpi_id[0x02] lapic_id[0x01] enabled)
[    0.000000] ACPI: IOAPIC (id[0x02] address[0xfec00000] gsi_base[0])
[    0.000000] IOAPIC[0]: apic_id 2, version 0, address 0xfec00000, GSI 0-23
[    0.000000] ACPI: INT_SRC_OVR (bus 0 bus_irq 0 global_irq 2 dfl dfl)
[    0.000000] ACPI: INT_SRC_OVR (bus 0 bus_irq 9 global_irq 9 high level)
[    0.000000] ACPI: INT_SRC_OVR (bus 0 bus_irq 14 global_irq 14 high edge)
[    0.000000] ACPI: INT_SRC_OVR (bus 0 bus_irq 15 global_irq 15 high edge)
[    0.000000] ACPI: IRQ0 used by override.
[    0.000000] ACPI: IRQ2 used by override.
[    0.000000] ACPI: IRQ9 used by override.
[    0.000000] ACPI: IRQ14 used by override.
[    0.000000] ACPI: IRQ15 used by override.
[    0.000000] Using ACPI (MADT) for SMP configuration information
[    0.000000] ACPI: HPET id: 0x10de8201 base: 0xfed00000
[    0.000000] SMP: Allowing 2 CPUs, 0 hotplug CPUs
[    0.000000] nr_irqs_gsi: 24
[    0.000000] PM: Registered nosave memory: 000000000009f000 - 00000000000a0000
[    0.000000] PM: Registered nosave memory: 00000000000a0000 - 00000000000e0000
[    0.000000] PM: Registered nosave memory: 00000000000e0000 - 0000000000100000
[    0.000000] PM: Registered nosave memory: 00000000bffd0000 - 00000000bffde000
[    0.000000] PM: Registered nosave memory: 00000000bffde000 - 00000000c0000000
[    0.000000] PM: Registered nosave memory: 00000000c0000000 - 00000000d0000000
[    0.000000] PM: Registered nosave memory: 00000000d0000000 - 00000000e0000000
[    0.000000] PM: Registered nosave memory: 00000000e0000000 - 00000000fec00000
[    0.000000] PM: Registered nosave memory: 00000000fec00000 - 00000000fec01000
[    0.000000] PM: Registered nosave memory: 00000000fec01000 - 00000000fee00000
[    0.000000] PM: Registered nosave memory: 00000000fee00000 - 00000000fef00000
[    0.000000] PM: Registered nosave memory: 00000000fef00000 - 00000000ff780000
[    0.000000] PM: Registered nosave memory: 00000000ff780000 - 0000000100000000
[    0.000000] Allocating PCI resources starting at e2000000 (gap: e0000000:1ec00000)
[    0.000000] NR_CPUS:2 nr_cpumask_bits:2 nr_cpu_ids:2 nr_node_ids:1
[    0.000000] PERCPU: Embedded 24 pages at ffff880028034000, static data 67680 bytes
[    0.000000] Built 1 zonelists in Zone order, mobility grouping on.  Total pages: 1546237
[    0.000000] Kernel command line: root=/dev/sda2 ro
[    0.000000] Initializing CPU#0
[    0.000000] NR_IRQS:320
[    0.000000] PID hash table entries: 4096 (order: 12, 32768 bytes)
[    0.000000] Fast TSC calibration using PIT
[    0.000000] Detected 2000.324 MHz processor.
[    0.000999] spurious 8259A interrupt: IRQ7.
[    0.000999] Console: colour VGA+ 80x25
[    0.000999] console [tty0] enabled
[    0.000999] Dentry cache hash table entries: 1048576 (order: 11, 8388608 bytes)
[    0.000999] Inode-cache hash table entries: 524288 (order: 10, 4194304 bytes)
[    0.000999] Checking aperture...
[    0.000999] No AGP bridge found
[    0.000999] Node 0: aperture @ 20000000 size 32 MB
[    0.000999] Aperture pointing to e820 RAM. Ignoring.
[    0.000999] Your BIOS doesn't leave a aperture memory hole
[    0.000999] Please enable the IOMMU option in the BIOS setup
[    0.000999] This costs you 64 MB of RAM
[    0.000999] Mapping aperture over 65536 KB of RAM @ 20000000
[    0.000999] PM: Registered nosave memory: 0000000020000000 - 0000000024000000
[    0.000999] Memory: 6106140k/7340032k available (3182k kernel code, 1049156k absent, 183848k reserved, 1260k data, 340k init)
[    0.000999] hpet clockevent registered
[    0.000999] HPET: 3 timers in total, 0 timers will be used for per-cpu timer
[    0.000999] Calibrating delay loop (skipped), value calculated using timer frequency.. 4000.64 BogoMIPS (lpj=2000324)
[    0.000999] Mount-cache hash table entries: 256
[    0.000999] CPU: L1 I Cache: 64K (64 bytes/line), D cache 64K (64 bytes/line)
[    0.000999] CPU: L2 Cache: 512K (64 bytes/line)
[    0.000999] tseg: 0000000000
[    0.000999] CPU: Physical Processor ID: 0
[    0.000999] CPU: Processor Core ID: 0
[    0.000999] using C1E aware idle routine
[    0.000999] ACPI: Core revision 20090320
[    0.006938] Setting APIC routing to flat
[    0.007423] ..TIMER: vector=0x30 apic1=0 pin1=2 apic2=-1 pin2=-1
[    0.017466] CPU0: AMD Athlon(tm) 64 X2 Dual Core Processor 3800+ stepping 02
[    0.017997] Booting processor 1 APIC 0x1 ip 0x6000
[    0.000999] Initializing CPU#1
[    0.000999] Calibrating delay using timer specific routine.. 3999.74 BogoMIPS (lpj=1999871)
[    0.000999] CPU: L1 I Cache: 64K (64 bytes/line), D cache 64K (64 bytes/line)
[    0.000999] CPU: L2 Cache: 512K (64 bytes/line)
[    0.000999] CPU: Physical Processor ID: 0
[    0.000999] CPU: Processor Core ID: 1
[    0.000999] x86 PAT enabled: cpu 1, old 0x7040600070406, new 0x7010600070106
[    0.088352] CPU1: AMD Athlon(tm) 64 X2 Dual Core Processor 3800+ stepping 02
[    0.088661] Brought up 2 CPUs
[    0.088692] Total of 2 processors activated (8000.39 BogoMIPS).
[    0.089026] net_namespace: 1264 bytes
[    0.089091] NET: Registered protocol family 16
[    0.089109] node 0 link 0: io port [1000, ffffff]
[    0.089109] node 0 link 0: io port [2000, 2fff]
[    0.089109] TOM: 00000000c0000000 aka 3072M
[    0.089109] node 0 link 0: mmio [e0000000, efffffff]
[    0.089109] node 0 link 0: mmio [a0000, bffff]
[    0.089109] node 0 link 0: mmio [c0000000, fe0bffff]
[    0.089109] TOM2: 00000001c0000000 aka 7168M
[    0.089109] bus: [00,ff] on node 0 link 0
[    0.089109] bus: 00 index 0 io port: [0, ffff]
[    0.089109] bus: 00 index 1 mmio: [c0000000, ffffffff]
[    0.089109] bus: 00 index 2 mmio: [a0000, bffff]
[    0.089109] bus: 00 index 3 mmio: [1c0000000, fcffffffff]
[    0.089109] ACPI: bus type pci registered
[    0.089120] PCI: MCFG configuration 0: base e0000000 segment 0 buses 0 - 255
[    0.089120] PCI: Not using MMCONFIG.
[    0.089120] PCI: Using configuration type 1 for base access
[    0.092029] bio: create slab <bio-0> at 0
[    0.093131] ACPI: EC: Look up EC in DSDT
[    0.103771] ACPI: Interpreter enabled
[    0.103806] ACPI: (supports S0 S1 S3 S4 S5)
[    0.103957] ACPI: Using IOAPIC for interrupt routing
[    0.104040] PCI: MCFG configuration 0: base e0000000 segment 0 buses 0 - 255
[    0.109942] PCI: MCFG area at e0000000 reserved in ACPI motherboard resources
[    0.122226] PCI: Using MMCONFIG at e0000000 - efffffff
[    0.132149] ACPI Warning (tbutils-0246): Incorrect checksum in table [OEMB] - 8E, should be 8D [20090320]
[    0.132994] ACPI: No dock devices found.
[    0.133093] ACPI: PCI Root Bridge [PCI0] (0000:00)
[    0.133152] pci 0000:00:01.0: reg 10 io port: [0x2f00-0x2f7f]
[    0.133157] pci 0000:00:01.1: reg 10 io port: [0x2900-0x293f]
[    0.133166] pci 0000:00:01.1: reg 20 io port: [0x2d00-0x2d3f]
[    0.133170] pci 0000:00:01.1: reg 24 io port: [0x2e00-0x2e3f]
[    0.133189] pci 0000:00:01.1: PME# supported from D3hot D3cold
[    0.133226] pci 0000:00:01.1: PME# disabled
[    0.133279] pci 0000:00:02.0: reg 10 32bit mmio: [0xfbffb000-0xfbffbfff]
[    0.133297] pci 0000:00:02.0: supports D1 D2
[    0.133299] pci 0000:00:02.0: PME# supported from D0 D1 D2 D3hot D3cold
[    0.133334] pci 0000:00:02.0: PME# disabled
[    0.133381] pci 0000:00:02.1: reg 10 32bit mmio: [0xfbffac00-0xfbffacff]
[    0.133400] pci 0000:00:02.1: supports D1 D2
[    0.133401] pci 0000:00:02.1: PME# supported from D0 D1 D2 D3hot D3cold
[    0.133436] pci 0000:00:02.1: PME# disabled
[    0.133491] pci 0000:00:05.0: reg 10 io port: [0xd480-0xd487]
[    0.133494] pci 0000:00:05.0: reg 14 io port: [0xd400-0xd403]
[    0.133497] pci 0000:00:05.0: reg 18 io port: [0xd080-0xd087]
[    0.133501] pci 0000:00:05.0: reg 1c io port: [0xd000-0xd003]
[    0.133504] pci 0000:00:05.0: reg 20 io port: [0xcc00-0xcc0f]
[    0.133507] pci 0000:00:05.0: reg 24 32bit mmio: [0xfbff9000-0xfbff9fff]
[    0.133541] pci 0000:00:05.1: reg 10 io port: [0xc880-0xc887]
[    0.133544] pci 0000:00:05.1: reg 14 io port: [0xc800-0xc803]
[    0.133547] pci 0000:00:05.1: reg 18 io port: [0xc480-0xc487]
[    0.133551] pci 0000:00:05.1: reg 1c io port: [0xc400-0xc403]
[    0.133554] pci 0000:00:05.1: reg 20 io port: [0xc080-0xc08f]
[    0.133557] pci 0000:00:05.1: reg 24 32bit mmio: [0xfbff8000-0xfbff8fff]
[    0.133585] pci 0000:00:05.2: reg 10 io port: [0xc000-0xc007]
[    0.133588] pci 0000:00:05.2: reg 14 io port: [0xbc00-0xbc03]
[    0.133592] pci 0000:00:05.2: reg 18 io port: [0xb880-0xb887]
[    0.133595] pci 0000:00:05.2: reg 1c io port: [0xb800-0xb803]
[    0.133598] pci 0000:00:05.2: reg 20 io port: [0xb480-0xb48f]
[    0.133602] pci 0000:00:05.2: reg 24 32bit mmio: [0xfbff7000-0xfbff7fff]
[    0.133655] pci 0000:00:06.1: reg 10 32bit mmio: [0xfbff0000-0xfbff3fff]
[    0.133676] pci 0000:00:06.1: PME# supported from D3hot D3cold
[    0.133710] pci 0000:00:06.1: PME# disabled
[    0.133772] pci 0000:00:08.0: reg 10 32bit mmio: [0xfbff6000-0xfbff6fff]
[    0.133775] pci 0000:00:08.0: reg 14 io port: [0xb400-0xb407]
[    0.133779] pci 0000:00:08.0: reg 18 32bit mmio: [0xfbffa800-0xfbffa8ff]
[    0.133782] pci 0000:00:08.0: reg 1c 32bit mmio: [0xfbffa400-0xfbffa40f]
[    0.133996] pci 0000:00:08.0: supports D1 D2
[    0.133998] pci 0000:00:08.0: PME# supported from D0 D1 D2 D3hot D3cold
[    0.134034] pci 0000:00:08.0: PME# disabled
[    0.134094] pci 0000:00:0a.0: PME# supported from D0 D1 D2 D3hot D3cold
[    0.134129] pci 0000:00:0a.0: PME# disabled
[    0.134186] pci 0000:00:0b.0: PME# supported from D0 D1 D2 D3hot D3cold
[    0.134221] pci 0000:00:0b.0: PME# disabled
[    0.134277] pci 0000:00:0c.0: PME# supported from D0 D1 D2 D3hot D3cold
[    0.134312] pci 0000:00:0c.0: PME# disabled
[    0.134369] pci 0000:00:0d.0: PME# supported from D0 D1 D2 D3hot D3cold
[    0.134403] pci 0000:00:0d.0: PME# disabled
[    0.134460] pci 0000:00:0e.0: PME# supported from D0 D1 D2 D3hot D3cold
[    0.134495] pci 0000:00:0e.0: PME# disabled
[    0.134552] pci 0000:00:0f.0: PME# supported from D0 D1 D2 D3hot D3cold
[    0.134586] pci 0000:00:0f.0: PME# disabled
[    0.134711] pci 0000:00:06.0: transparent bridge
[    0.134910] pci 0000:07:00.0: reg 10 32bit mmio: [0xfd000000-0xfdffffff]
[    0.134917] pci 0000:07:00.0: reg 14 64bit mmio: [0xc0000000-0xcfffffff]
[    0.134923] pci 0000:07:00.0: reg 1c 64bit mmio: [0xfc000000-0xfcffffff]
[    0.134928] pci 0000:07:00.0: reg 24 io port: [0xec00-0xec7f]
[    0.134932] pci 0000:07:00.0: reg 30 32bit mmio: [0xfebe0000-0xfebfffff]
[    0.134975] pci 0000:00:0f.0: bridge io port: [0xe000-0xefff]
[    0.134992] pci 0000:00:0f.0: bridge 32bit mmio: [0xfc000000-0xfebfffff]
[    0.134996] pci 0000:00:0f.0: bridge 64bit mmio pref: [0xc0000000-0xcfffffff]
[    0.135006] pci_bus 0000:00: on NUMA node 0
[    0.135011] ACPI: PCI Interrupt Routing Table [\_SB_.PCI0._PRT]
[    0.135241] ACPI: PCI Interrupt Routing Table [\_SB_.PCI0.P0P1._PRT]
[    0.135365] ACPI: PCI Interrupt Routing Table [\_SB_.PCI0.BR10._PRT]
[    0.135426] ACPI: PCI Interrupt Routing Table [\_SB_.PCI0.BR11._PRT]
[    0.135487] ACPI: PCI Interrupt Routing Table [\_SB_.PCI0.BR12._PRT]
[    0.135548] ACPI: PCI Interrupt Routing Table [\_SB_.PCI0.BR13._PRT]
[    0.135608] ACPI: PCI Interrupt Routing Table [\_SB_.PCI0.BR14._PRT]
[    0.135670] ACPI: PCI Interrupt Routing Table [\_SB_.PCI0.BR15._PRT]
[    0.146183] ACPI: PCI Interrupt Link [LNKA] (IRQs 16 17 18 19) *0, disabled.
[    0.146602] ACPI: PCI Interrupt Link [LNKB] (IRQs 16 17 18 19) *0, disabled.
[    0.147269] ACPI: PCI Interrupt Link [LNKC] (IRQs 16 17 18 19) *0, disabled.
[    0.147685] ACPI: PCI Interrupt Link [LNKD] (IRQs 16 17 18 19) *0, disabled.
[    0.148112] ACPI: PCI Interrupt Link [LNEA] (IRQs 16 17 18 19) *0, disabled.
[    0.148531] ACPI: PCI Interrupt Link [LNEB] (IRQs 16 17 18 19) *10
[    0.148926] ACPI: PCI Interrupt Link [LNEC] (IRQs 16 17 18 19) *0, disabled.
[    0.150147] ACPI: PCI Interrupt Link [LNED] (IRQs 16 17 18 19) *0, disabled.
[    0.150564] ACPI: PCI Interrupt Link [LUB0] (IRQs 20 21 22 23) *14
[    0.150959] ACPI: PCI Interrupt Link [LMAD] (IRQs 20 21 22 23) *0, disabled.
[    0.151369] ACPI: PCI Interrupt Link [LUB2] (IRQs 20 21 22 23) *7
[    0.151764] ACPI: PCI Interrupt Link [LMAC] (IRQs 20 21 22 23) *10
[    0.152179] ACPI: PCI Interrupt Link [LAZA] (IRQs 20 21 22 23) *14
[    0.152574] ACPI: PCI Interrupt Link [LSMB] (IRQs 20 21 22 23) *11
[    0.152969] ACPI: PCI Interrupt Link [LPMU] (IRQs 20 21 22 23) *5
[    0.153348] ACPI: PCI Interrupt Link [LSA0] (IRQs 20 21 22 23) *10
[    0.153743] ACPI: PCI Interrupt Link [LSA1] (IRQs 20 21 22 23) *11
[    0.154205] ACPI: PCI Interrupt Link [LATA] (IRQs 20 21 22 23) *0, disabled.
[    0.154622] ACPI: PCI Interrupt Link [LSA2] (IRQs 20 21 22 23) *5
[    0.154993] SCSI subsystem initialized
[    0.155031] libata version 3.00 loaded.
[    0.155031] usbcore: registered new interface driver usbfs
[    0.155031] usbcore: registered new interface driver hub
[    0.155031] usbcore: registered new device driver usb
[    0.155031] PCI: Using ACPI for IRQ routing
[    0.160082] PCI-DMA: Disabling AGP.
[    0.160182] PCI-DMA: aperture base @ 20000000 size 65536 KB
[    0.160182] PCI-DMA: using GART IOMMU.
[    0.160182] PCI-DMA: Reserving 64MB of IOMMU area in the AGP aperture
[    0.160617] hpet0: at MMIO 0xfed00000, IRQs 2, 8, 31
[    0.161029] hpet0: 3 comparators, 32-bit 25.000000 MHz counter
[    0.164985] Switched to high resolution mode on CPU 0
[    0.165286] Switched to high resolution mode on CPU 1
[    0.168028] pnp: PnP ACPI init
[    0.168065] ACPI: bus type pnp registered
[    0.173913] pnp: PnP ACPI: found 15 devices
[    0.173946] ACPI: ACPI bus type pnp unregistered
[    0.173989] system 00:06: ioport range 0x4d0-0x4d1 has been reserved
[    0.174033] system 00:06: ioport range 0x800-0x80f has been reserved
[    0.174068] system 00:06: ioport range 0x2000-0x207f has been reserved
[    0.174103] system 00:06: ioport range 0x2080-0x20ff has been reserved
[    0.174137] system 00:06: ioport range 0x2400-0x247f has been reserved
[    0.174172] system 00:06: ioport range 0x2480-0x24ff has been reserved
[    0.174207] system 00:06: ioport range 0x2800-0x287f has been reserved
[    0.174241] system 00:06: ioport range 0x2880-0x28ff has been reserved
[    0.174280] system 00:06: ioport range 0x2c00-0x2c7f has been reserved
[    0.174315] system 00:06: ioport range 0x2c80-0x2cff has been reserved
[    0.174351] system 00:06: iomem range 0xfbf80000-0xfbfbffff has been reserved
[    0.174387] system 00:06: iomem range 0xfee01000-0xfeefffff has been reserved
[    0.174425] system 00:08: iomem range 0xfec00000-0xfec00fff could not be reserved
[    0.174468] system 00:08: iomem range 0xfee00000-0xfee00fff has been reserved
[    0.174506] system 00:0b: ioport range 0xa00-0xa0f has been reserved
[    0.174541] system 00:0b: ioport range 0xa10-0xa1f has been reserved
[    0.174578] system 00:0c: iomem range 0xe0000000-0xefffffff has been reserved
[    0.174616] system 00:0d: iomem range 0xd0000000-0xdfffffff has been reserved
[    0.174653] system 00:0e: iomem range 0x0-0x9ffff could not be reserved
[    0.174688] system 00:0e: iomem range 0xc0000-0xcffff has been reserved
[    0.174723] system 00:0e: iomem range 0xe0000-0xfffff could not be reserved
[    0.174758] system 00:0e: iomem range 0x100000-0xbfffffff could not be reserved
[    0.174801] system 00:0e: iomem range 0xfec00000-0xffffffff could not be reserved
[    0.179491] pci 0000:00:06.0: PCI bridge, secondary bus 0000:01
[    0.179525] pci 0000:00:06.0:   IO window: disabled
[    0.179559] pci 0000:00:06.0:   MEM window: disabled
[    0.179592] pci 0000:00:06.0:   PREFETCH window: disabled
[    0.179626] pci 0000:00:0a.0: PCI bridge, secondary bus 0000:02
[    0.179660] pci 0000:00:0a.0:   IO window: disabled
[    0.179693] pci 0000:00:0a.0:   MEM window: disabled
[    0.179726] pci 0000:00:0a.0:   PREFETCH window: disabled
[    0.179760] pci 0000:00:0b.0: PCI bridge, secondary bus 0000:03
[    0.179794] pci 0000:00:0b.0:   IO window: disabled
[    0.179827] pci 0000:00:0b.0:   MEM window: disabled
[    0.179860] pci 0000:00:0b.0:   PREFETCH window: disabled
[    0.179894] pci 0000:00:0c.0: PCI bridge, secondary bus 0000:04
[    0.179928] pci 0000:00:0c.0:   IO window: disabled
[    0.179961] pci 0000:00:0c.0:   MEM window: disabled
[    0.179994] pci 0000:00:0c.0:   PREFETCH window: disabled
[    0.180036] pci 0000:00:0d.0: PCI bridge, secondary bus 0000:05
[    0.180070] pci 0000:00:0d.0:   IO window: disabled
[    0.180103] pci 0000:00:0d.0:   MEM window: disabled
[    0.180136] pci 0000:00:0d.0:   PREFETCH window: disabled
[    0.180170] pci 0000:00:0e.0: PCI bridge, secondary bus 0000:06
[    0.180203] pci 0000:00:0e.0:   IO window: disabled
[    0.180237] pci 0000:00:0e.0:   MEM window: disabled
[    0.180273] pci 0000:00:0e.0:   PREFETCH window: disabled
[    0.180307] pci 0000:00:0f.0: PCI bridge, secondary bus 0000:07
[    0.180341] pci 0000:00:0f.0:   IO window: 0xe000-0xefff
[    0.180375] pci 0000:00:0f.0:   MEM window: 0xfc000000-0xfebfffff
[    0.180410] pci 0000:00:0f.0:   PREFETCH window: 0x000000c0000000-0x000000cfffffff
[    0.180457] pci 0000:00:06.0: setting latency timer to 64
[    0.180461] pci 0000:00:0a.0: setting latency timer to 64
[    0.180465] pci 0000:00:0b.0: setting latency timer to 64
[    0.180469] pci 0000:00:0c.0: setting latency timer to 64
[    0.180472] pci 0000:00:0d.0: setting latency timer to 64
[    0.180476] pci 0000:00:0e.0: setting latency timer to 64
[    0.180480] pci 0000:00:0f.0: setting latency timer to 64
[    0.180483] pci_bus 0000:00: resource 0 io:  [0x00-0xffff]
[    0.180486] pci_bus 0000:00: resource 1 mem: [0x000000-0xffffffffffffffff]
[    0.180489] pci_bus 0000:01: resource 3 io:  [0x00-0xffff]
[    0.180491] pci_bus 0000:01: resource 4 mem: [0x000000-0xffffffffffffffff]
[    0.180494] pci_bus 0000:07: resource 0 io:  [0xe000-0xefff]
[    0.180496] pci_bus 0000:07: resource 1 mem: [0xfc000000-0xfebfffff]
[    0.180498] pci_bus 0000:07: resource 2 pref mem [0xc0000000-0xcfffffff]
[    0.180565] NET: Registered protocol family 2
[    0.192082] IP route cache hash table entries: 262144 (order: 9, 2097152 bytes)
[    0.193966] TCP established hash table entries: 262144 (order: 10, 4194304 bytes)
[    0.196649] TCP bind hash table entries: 65536 (order: 8, 1048576 bytes)
[    0.197315] TCP: Hash tables configured (established 262144 bind 65536)
[    0.197351] TCP reno registered
[    0.200090] NET: Registered protocol family 1
[    0.201826] VFS: Disk quotas dquot_6.5.2
[    0.201900] Dquot-cache hash table entries: 512 (order 0, 4096 bytes)
[    0.202070] msgmni has been set to 11927
[    0.202622] alg: No test for stdrng (krng)
[    0.202665] io scheduler noop registered
[    0.202697] io scheduler anticipatory registered
[    0.202730] io scheduler deadline registered
[    0.202784] io scheduler cfq registered (default)
[    0.202920] pci 0000:00:00.0: Found enabled HT MSI Mapping
[    0.202987] pci 0000:00:00.0: Found enabled HT MSI Mapping
[    0.203102] pci 0000:00:00.0: Found enabled HT MSI Mapping
[    0.203169] pci 0000:00:00.0: Found enabled HT MSI Mapping
[    0.203238] pci 0000:00:00.0: Found enabled HT MSI Mapping
[    0.203315] pci 0000:00:00.0: Found enabled HT MSI Mapping
[    0.203393] pci 0000:00:00.0: Found enabled HT MSI Mapping
[    0.203474] pci 0000:00:00.0: Found enabled HT MSI Mapping
[    0.203558] pci 0000:00:00.0: Found enabled HT MSI Mapping
[    0.203646] pci 0000:00:00.0: Found enabled HT MSI Mapping
[    0.203738] pci 0000:00:00.0: Found enabled HT MSI Mapping
[    0.203833] pci 0000:00:00.0: Found enabled HT MSI Mapping
[    0.203878] pci 0000:07:00.0: Boot video device
[    0.204013] pcieport-driver 0000:00:0a.0: irq 24 for MSI/MSI-X
[    0.204019] pcieport-driver 0000:00:0a.0: setting latency timer to 64
[    0.204138] pcieport-driver 0000:00:0b.0: irq 25 for MSI/MSI-X
[    0.204143] pcieport-driver 0000:00:0b.0: setting latency timer to 64
[    0.204262] pcieport-driver 0000:00:0c.0: irq 26 for MSI/MSI-X
[    0.204267] pcieport-driver 0000:00:0c.0: setting latency timer to 64
[    0.204380] pcieport-driver 0000:00:0d.0: irq 27 for MSI/MSI-X
[    0.204385] pcieport-driver 0000:00:0d.0: setting latency timer to 64
[    0.204502] pcieport-driver 0000:00:0e.0: irq 28 for MSI/MSI-X
[    0.204508] pcieport-driver 0000:00:0e.0: setting latency timer to 64
[    0.204619] pcieport-driver 0000:00:0f.0: irq 29 for MSI/MSI-X
[    0.204625] pcieport-driver 0000:00:0f.0: setting latency timer to 64
[    0.208528] Non-volatile memory driver v1.3
[    0.208562] Linux agpgart interface v0.103
[    0.208985] processor ACPI_CPU:00: registered as cooling_device0
[    0.209152] processor ACPI_CPU:01: registered as cooling_device1
[    0.213751] Serial: 8250/16550 driver, 4 ports, IRQ sharing enabled
[    0.214063] serial8250: ttyS3 at I/O 0x2e8 (irq = 3) is a 16550A
[    0.215080] loop: module loaded
[    0.215158] Driver 'sd' needs updating - please use bus_type methods
[    0.215244] sata_nv 0000:00:05.0: version 3.5
[    0.215569] ACPI: PCI Interrupt Link [LSA0] enabled at IRQ 23
[    0.215611] sata_nv 0000:00:05.0: PCI INT A -> Link[LSA0] -> GSI 23 (level, low) -> IRQ 23
[    0.215654] sata_nv 0000:00:05.0: Using SWNCQ mode
[    0.215913] sata_nv 0000:00:05.0: setting latency timer to 64
[    0.216067] scsi0 : sata_nv
[    0.216242] scsi1 : sata_nv
[    0.216471] ata1: SATA max UDMA/133 cmd 0xd480 ctl 0xd400 bmdma 0xcc00 irq 23
[    0.216506] ata2: SATA max UDMA/133 cmd 0xd080 ctl 0xd000 bmdma 0xcc08 irq 23
[    0.216846] ACPI: PCI Interrupt Link [LSA1] enabled at IRQ 22
[    0.216886] sata_nv 0000:00:05.1: PCI INT B -> Link[LSA1] -> GSI 22 (level, low) -> IRQ 22
[    0.216929] sata_nv 0000:00:05.1: Using SWNCQ mode
[    0.217181] sata_nv 0000:00:05.1: setting latency timer to 64
[    0.217315] scsi2 : sata_nv
[    0.217462] scsi3 : sata_nv
[    0.217683] ata3: SATA max UDMA/133 cmd 0xc880 ctl 0xc800 bmdma 0xc080 irq 22
[    0.217718] ata4: SATA max UDMA/133 cmd 0xc480 ctl 0xc400 bmdma 0xc088 irq 22
[    0.218100] ACPI: PCI Interrupt Link [LSA2] enabled at IRQ 21
[    0.218140] sata_nv 0000:00:05.2: PCI INT C -> Link[LSA2] -> GSI 21 (level, low) -> IRQ 21
[    0.218182] sata_nv 0000:00:05.2: Using SWNCQ mode
[    0.218425] sata_nv 0000:00:05.2: setting latency timer to 64
[    0.218600] scsi4 : sata_nv
[    0.218752] scsi5 : sata_nv
[    0.218975] ata5: SATA max UDMA/133 cmd 0xc000 ctl 0xbc00 bmdma 0xb480 irq 21
[    0.219018] ata6: SATA max UDMA/133 cmd 0xb880 ctl 0xb800 bmdma 0xb488 irq 21
[    0.219130] forcedeth: Reverse Engineered nForce ethernet driver. Version 0.64.
[    0.219470] ACPI: PCI Interrupt Link [LMAC] enabled at IRQ 20
[    0.219509] forcedeth 0000:00:08.0: PCI INT A -> Link[LMAC] -> GSI 20 (level, low) -> IRQ 20
[    0.219553] forcedeth 0000:00:08.0: setting latency timer to 64
[    0.219595] nv_probe: set workaround bit for reversed mac addr
[    0.734567] forcedeth 0000:00:08.0: ifname eth0, PHY OUI 0x1c1 @ 0, addr 00:16:17:93:aa:7f
[    0.734612] forcedeth 0000:00:08.0: highdma csum vlan pwrctl mgmt gbit lnktim msi desc-v3
[    0.734696] ehci_hcd: USB 2.0 'Enhanced' Host Controller (EHCI) Driver
[    0.735039] ACPI: PCI Interrupt Link [LUB2] enabled at IRQ 23
[    0.735074] ehci_hcd 0000:00:02.1: PCI INT B -> Link[LUB2] -> GSI 23 (level, low) -> IRQ 23
[    0.735124] ehci_hcd 0000:00:02.1: setting latency timer to 64
[    0.735126] ehci_hcd 0000:00:02.1: EHCI Host Controller
[    0.735219] ehci_hcd 0000:00:02.1: new USB bus registered, assigned bus number 1
[    0.735292] ehci_hcd 0000:00:02.1: debug port 1
[    0.735326] ehci_hcd 0000:00:02.1: cache line size of 64 is not supported
[    0.735332] ehci_hcd 0000:00:02.1: irq 23, io mem 0xfbffac00
[    0.741015] ehci_hcd 0000:00:02.1: USB 2.0 started, EHCI 1.00
[    0.741166] usb usb1: configuration #1 chosen from 1 choice
[    0.741268] hub 1-0:1.0: USB hub found
[    0.741306] hub 1-0:1.0: 10 ports detected
[    0.741629] ohci_hcd: USB 1.1 'Open' Host Controller (OHCI) Driver
[    0.741972] ACPI: PCI Interrupt Link [LUB0] enabled at IRQ 22
[    0.742014] ohci_hcd 0000:00:02.0: PCI INT A -> Link[LUB0] -> GSI 22 (level, low) -> IRQ 22
[    0.742066] ohci_hcd 0000:00:02.0: setting latency timer to 64
[    0.742069] ohci_hcd 0000:00:02.0: OHCI Host Controller
[    0.742160] ohci_hcd 0000:00:02.0: new USB bus registered, assigned bus number 2
[    0.742214] ohci_hcd 0000:00:02.0: irq 22, io mem 0xfbffb000
[    0.794105] usb usb2: configuration #1 chosen from 1 choice
[    0.794188] hub 2-0:1.0: USB hub found
[    0.794227] hub 2-0:1.0: 10 ports detected
[    0.794548] PNP: PS/2 Controller [PNP0303:PS2K,PNP0f03:PS2M] at 0x60,0x64 irq 1,12
[    0.797417] serio: i8042 KBD port at 0x60,0x64 irq 1
[    0.797458] serio: i8042 AUX port at 0x60,0x64 irq 12
[    0.798405] mice: PS/2 mouse device common for all mice
[    0.798646] rtc_cmos 00:02: RTC can wake from S4
[    0.798741] rtc_cmos 00:02: rtc core: registered rtc_cmos as rtc0
[    0.798806] rtc0: alarms up to one year, y3k, 114 bytes nvram, hpet irqs
[    0.798882] cpuidle: using governor ladder
[    0.798914] cpuidle: using governor menu
[    0.799341] TCP cubic registered
[    0.799373] NET: Registered protocol family 17
[    0.799411] NET: Registered protocol family 15
[    0.799568] TuxOnIce 3.0.1 (http://tuxonice.net)
[    0.953306] ata3: SATA link down (SStatus 0 SControl 300)
[    1.091042] ata1: SATA link up 3.0 Gbps (SStatus 123 SControl 300)
[    1.094249] ata1.00: ATA-8: WDC WD5000AAKS-00A7B0, 01.03B01, max UDMA/133
[    1.094292] ata1.00: 976773168 sectors, multi 16: LBA48 NCQ (depth 31/32)
[    1.100320] ata1.00: configured for UDMA/133
[    1.100440] scsi 0:0:0:0: Direct-Access     ATA      WDC WD5000AAKS-0 01.0 PQ: 0 ANSI: 5
[    1.100750] sd 0:0:0:0: [sda] 976773168 512-byte hardware sectors: (500 GB/465 GiB)
[    1.100803] sd 0:0:0:0: [sda] Write Protect is off
[    1.100836] sd 0:0:0:0: [sda] Mode Sense: 00 3a 00 00
[    1.100853] sd 0:0:0:0: [sda] Write cache: enabled, read cache: enabled, doesn't support DPO or FUA
[    1.100970]  sda: sda1 sda2 sda3 sda4
[    1.104030] ata5: SATA link up 1.5 Gbps (SStatus 113 SControl 300)
[    1.104282] sd 0:0:0:0: [sda] Attached SCSI disk
[    1.123117] ata5.00: ATAPI: LITE-ON DVDRW LH-20A1L, BL05, max UDMA/100
[    1.145129] ata5.00: configured for UDMA/100
[    1.458639] input: ImPS/2 Generic Wheel Mouse as /devices/platform/i8042/serio1/input/input0
[    1.488811] input: AT Translated Set 2 keyboard as /devices/platform/i8042/serio0/input/input1
[    1.834298] ata2: SATA link down (SStatus 0 SControl 300)
[    2.567297] ata4: SATA link down (SStatus 0 SControl 300)
[    2.568492] scsi 4:0:0:0: CD-ROM            LITE-ON  DVDRW LH-20A1L   BL05 PQ: 0 ANSI: 5
[    3.301297] ata6: SATA link down (SStatus 0 SControl 300)
[    3.314884] TuxOnIce: Normal swapspace found.
[    3.315630] rtc_cmos 00:02: setting system clock to 2009-10-31 10:23:51 UTC (1256984631)
[    3.315674] BIOS EDD facility v0.16 2004-Jun-25, 1 devices found
[    3.348900] kjournald starting.  Commit interval 5 seconds
[    3.348939] EXT3-fs: mounted filesystem with writeback data mode.
[    3.348982] VFS: Mounted root (ext3 filesystem) readonly on device 8:2.
[    3.349047] Freeing unused kernel memory: 340k freed
[    5.434636] udev: starting version 141
[    5.554368] input: Power Button as /devices/LNXSYSTM:00/LNXPWRBN:00/input/input2
[    5.554402] ACPI: Power Button [PWRF]
[    5.554472] input: Power Button as /devices/LNXSYSTM:00/device:00/PNP0C0C:00/input/input3
[    5.554492] ACPI: Power Button [PWRB]
[    5.587358] 00:05: ttyS3 at I/O 0x2e8 (irq = 3) is a 16550A
[    5.628236] k8temp 0000:00:18.3: Temperature readouts might be wrong - check erratum #141
[    5.792555] input: PC Speaker as /devices/platform/pcspkr/input/input4
[    5.794908] sd 0:0:0:0: Attached scsi generic sg0 type 0
[    5.794935] scsi 4:0:0:0: Attached scsi generic sg1 type 5
[    5.844087] i2c-adapter i2c-0: nForce2 SMBus adapter at 0x2d00
[    5.844102] i2c-adapter i2c-1: nForce2 SMBus adapter at 0x2e00
[    5.955074] Driver 'sr' needs updating - please use bus_type methods
[    5.960626] sr0: scsi3-mmc drive: 48x/48x writer dvd-ram cd/rw xa/form2 cdda tray
[    5.960630] Uniform CD-ROM driver Revision: 3.20
[    5.960713] sr 4:0:0:0: Attached scsi CD-ROM sr0
[    6.481755] ACPI: PCI Interrupt Link [LAZA] enabled at IRQ 21
[    6.481761] HDA Intel 0000:00:06.1: PCI INT B -> Link[LAZA] -> GSI 21 (level, low) -> IRQ 21
[    6.481807] HDA Intel 0000:00:06.1: setting latency timer to 64
[    7.528375] nvidia: module license 'NVIDIA' taints kernel.
[    7.528379] Disabling lock debugging due to kernel taint
[    7.784875] ACPI: PCI Interrupt Link [LNEB] enabled at IRQ 19
[    7.784886] nvidia 0000:07:00.0: PCI INT A -> Link[LNEB] -> GSI 19 (level, low) -> IRQ 19
[    7.784893] nvidia 0000:07:00.0: setting latency timer to 64
[    7.786062] NVRM: loading NVIDIA UNIX x86_64 Kernel Module  180.60  Mon May 11 15:27:42 PDT 2009
[    8.438085] EXT3 FS on sda2, internal journal
[    8.704048] powernow-k8: Found 1 AMD Athlon(tm) 64 X2 Dual Core Processor 3800+ processors (2 cpu cores) (version 2.20.00)
[    8.704098] powernow-k8:    0 : fid 0xc (2000 MHz), vid 0xe
[    8.704102] powernow-k8:    1 : fid 0xa (1800 MHz), vid 0x10
[    8.704104] powernow-k8:    2 : fid 0x2 (1000 MHz), vid 0x12
[    9.000023] Clocksource tsc unstable (delta = -106894567 ns)
[    9.654867] kjournald starting.  Commit interval 5 seconds
[    9.655296] EXT3 FS on sda4, internal journal
[    9.655306] EXT3-fs: mounted filesystem with writeback data mode.
[    9.745825] Adding 5863716k swap on /dev/sda3.  Priority:2 extents:1 across:5863716k 
[   30.704529] forcedeth 0000:00:08.0: irq 30 for MSI/MSI-X
[   40.597143] IRQ 19/nvidia: IRQF_DISABLED is not guaranteed on shared IRQs
[   50.936202] fuse init (API version 7.11)
[   51.273957] w83627ehf: Found W83627EHG chip at 0xa10
[   55.207487] /dev/vmmon[5008]: Module vmmon: registered with major=10 minor=165
[   55.207512] /dev/vmmon[5008]: Initial HV check: anyNotCapable=0 anyUnlocked=1 anyEnabled=1 anyDisabled=0
[   55.207523] /dev/vmmon[5008]: HV check: anyNotCapable=0 anyUnlocked=1 anyEnabled=1 anyDisabled=0
[   55.207528] /dev/vmmon[5008]: Module vmmon: initialized
[   55.266545] /dev/vmci[5024]: VMCI: Driver initialized.
[   55.268376] /dev/vmci[5024]: Module vmci: registered with major=10 minor=60
[   55.268383] /dev/vmci[5024]: Module vmci: initialized
[   55.469139] ppdev: user-space parallel port driver
[   55.600483] /dev/vmnet: open called by PID 5087 (vmnet-bridge)
[   55.600504] /dev/vmnet: hub 0 does not exist, allocating memory.
[   55.600527] /dev/vmnet: port on hub 0 successfully opened
[   55.600553] bridge-eth0: up
[   55.600558] bridge-eth0: attached
