01c00000-01c0002f : /soc@01c00000/sram-controller@01c00000
01c00030-01c0003b : /soc@01c00000/interrupt-controller@01c00030
01c02000-01c02fff : /soc@01c00000/dma-controller@01c02000
01c05000-01c05fff : /soc@01c00000/spi@01c05000
01c0f000-01c0ffff : /soc@01c00000/mmc@01c0f000
01c12000-01c12fff : /soc@01c00000/mmc@01c12000
01c13400-01c1340f : phy_ctrl
01c14000-01c140ff : /soc@01c00000/usb@01c14000
01c14400-01c144ff : /soc@01c00000/usb@01c14400
01c14800-01c14803 : pmu1
01c15000-01c15fff : /soc@01c00000/crypto-engine@01c15000
01c18000-01c18fff : /soc@01c00000/sata@01c18000
01c1c000-01c1c0ff : /soc@01c00000/usb@01c1c000
01c1c400-01c1c4ff : /soc@01c00000/usb@01c1c400
01c1c800-01c1c803 : pmu2
01c20008-01c2000f : /clocks/clk@01c20008
01c20010-01c20013 : /clocks/clk@01c20010
01c20030-01c20033 : /clocks/clk@01c20030
01c20060-01c20067 : /clocks/clk@01c20060
01c20068-01c2006b : /clocks/clk@01c20068
01c2006c-01c2006f : /clocks/clk@01c2006c
01c20088-01c2008b : /clocks/clk@01c20088
01c2008c-01c2008f : /clocks/clk@01c2008c
01c20090-01c20093 : /clocks/clk@01c20090
01c20094-01c20097 : /clocks/clk@01c20094
01c200b8-01c200bb : /clocks/clk@01c200b8
01c200bc-01c200bf : /clocks/clk@01c200bc
01c200c0-01c200c3 : /clocks/clk@01c200c0
01c200cc-01c200cf : /clocks/clk@01c200cc
01c200d8-01c200db : /clocks/clk@01c200d8
01c200dc-01c200df : /clocks/clk@01c200dc
01c20100-01c20103 : /clocks/clk@01c20100
01c20104-01c20107 : /clocks/clk@01c20104
01c20108-01c2010b : /clocks/clk@01c20108
01c2010c-01c2010f : /clocks/clk@01c2010c
01c20110-01c20113 : /clocks/clk@01c20110
01c20118-01c2011b : /clocks/clk@01c20118
01c2011c-01c2011f : /clocks/clk@01c2011c
01c2012c-01c2012f : /clocks/clk@01c2012c
01c20130-01c20133 : /clocks/clk@01c20130
01c2013c-01c2013f : /clocks/clk@01c2013c
01c20140-01c20143 : /clocks/clk@01c20140
01c20800-01c20bff : /soc@01c00000/pinctrl@01c20800
01c20c00-01c20c8f : /soc@01c00000/timer@01c20c00
01c20c90-01c20c9f : /soc@01c00000/watchdog@01c20c90
01c20d00-01c20d1f : /soc@01c00000/rtc@01c20d00
01c21800-01c2183f : /soc@01c00000/ir@01c21800
01c22c00-01c22c3f : /soc@01c00000/codec@01c22c00
01c23800-01c239ff : /soc@01c00000/eeprom@01c23800
01c25000-01c250ff : /soc@01c00000/rtp@01c25000
01c28000-01c2801f : serial
01c29000-01c2901f : serial
01c29c00-01c29c1f : serial
01c2ac00-01c2afff : /soc@01c00000/i2c@01c2ac00
01c2b400-01c2b7ff : /soc@01c00000/i2c@01c2b400
01c50000-01c5ffff : /soc@01c00000/ethernet@01c50000
01c60000-01c60fff : /soc@01c00000/hstimer@01c60000
40000000-7f816fff : System RAM
  40008000-40bfffff : Kernel code
  40d00000-40e4c857 : Kernel data
