[    0.000000] Linux version 2.6.32-tuxonice-r7-a1 (portage@42-pc-openspace) (gcc version 4.4.3 (Gentoo 4.4.3-r2 p1.2) ) #1 SMP PREEMPT Fri Jul 30 00:05:00 CEST 2010
[    0.000000] KERNEL supported cpus:
[    0.000000]   Intel GenuineIntel
[    0.000000]   AMD AuthenticAMD
[    0.000000]   NSC Geode by NSC
[    0.000000]   Cyrix CyrixInstead
[    0.000000]   Centaur CentaurHauls
[    0.000000]   Transmeta GenuineTMx86
[    0.000000]   Transmeta TransmetaCPU
[    0.000000]   UMC UMC UMC UMC
[    0.000000] BIOS-provided physical RAM map:
[    0.000000]  BIOS-e820: 0000000000000000 - 000000000009f000 (usable)
[    0.000000]  BIOS-e820: 000000000009f000 - 00000000000a0000 (reserved)
[    0.000000]  BIOS-e820: 00000000000f0000 - 0000000000100000 (reserved)
[    0.000000]  BIOS-e820: 0000000000100000 - 00000000dfee0000 (usable)
[    0.000000]  BIOS-e820: 00000000dfee0000 - 00000000dfee3000 (ACPI NVS)
[    0.000000]  BIOS-e820: 00000000dfee3000 - 00000000dfef0000 (ACPI data)
[    0.000000]  BIOS-e820: 00000000dfef0000 - 00000000dff00000 (reserved)
[    0.000000]  BIOS-e820: 00000000f0000000 - 00000000f4000000 (reserved)
[    0.000000]  BIOS-e820: 00000000fec00000 - 0000000100000000 (reserved)
[    0.000000]  BIOS-e820: 0000000100000000 - 0000000120000000 (usable)
[    0.000000] DMI 2.4 present.
[    0.000000] Phoenix BIOS detected: BIOS may corrupt low RAM, working around it.
[    0.000000] e820 update range: 0000000000000000 - 0000000000010000 (usable) ==> (reserved)
[    0.000000] last_pfn = 0xdfee0 max_arch_pfn = 0x100000
[    0.000000] MTRR default type: uncachable
[    0.000000] MTRR fixed ranges enabled:
[    0.000000]   00000-9FFFF write-back
[    0.000000]   A0000-BFFFF uncachable
[    0.000000]   C0000-C7FFF write-protect
[    0.000000]   C8000-FFFFF uncachable
[    0.000000] MTRR variable ranges enabled:
[    0.000000]   0 base 0000000000 mask FF80000000 write-back
[    0.000000]   1 base 0080000000 mask FFC0000000 write-back
[    0.000000]   2 base 00C0000000 mask FFE0000000 write-back
[    0.000000]   3 base 00DFF00000 mask FFFFF00000 uncachable
[    0.000000]   4 base 0100000000 mask FFE0000000 write-back
[    0.000000]   5 disabled
[    0.000000]   6 disabled
[    0.000000]   7 disabled
[    0.000000] TOM2: 0000000120000000 aka 4608M
[    0.000000] x86 PAT enabled: cpu 0, old 0x7040600070406, new 0x7010600070106
[    0.000000] e820 update range: 00000000dff00000 - 0000000100000000 (usable) ==> (reserved)
[    0.000000] Scanning 0 areas for low memory corruption
[    0.000000] modified physical RAM map:
[    0.000000]  modified: 0000000000000000 - 0000000000010000 (reserved)
[    0.000000]  modified: 0000000000010000 - 000000000009f000 (usable)
[    0.000000]  modified: 000000000009f000 - 00000000000a0000 (reserved)
[    0.000000]  modified: 00000000000f0000 - 0000000000100000 (reserved)
[    0.000000]  modified: 0000000000100000 - 00000000dfee0000 (usable)
[    0.000000]  modified: 00000000dfee0000 - 00000000dfee3000 (ACPI NVS)
[    0.000000]  modified: 00000000dfee3000 - 00000000dfef0000 (ACPI data)
[    0.000000]  modified: 00000000dfef0000 - 00000000dff00000 (reserved)
[    0.000000]  modified: 00000000f0000000 - 00000000f4000000 (reserved)
[    0.000000]  modified: 00000000fec00000 - 0000000100000000 (reserved)
[    0.000000]  modified: 0000000100000000 - 0000000120000000 (usable)
[    0.000000] initial memory mapped : 0 - 01800000
[    0.000000] init_memory_mapping: 0000000000000000-00000000377fe000
[    0.000000]  0000000000 - 0000400000 page 4k
[    0.000000]  0000400000 - 0037400000 page 2M
[    0.000000]  0037400000 - 00377fe000 page 4k
[    0.000000] kernel direct mapping tables up to 377fe000 @ 10000-15000
[    0.000000] ACPI: RSDP 000f7c80 00024 (v02 Nvidia)
[    0.000000] ACPI: XSDT dfee3100 0004C (v01 Nvidia ASUSACPI 42302E31 AWRD 00000000)
[    0.000000] ACPI: FACP dfeead40 000F4 (v03 Nvidia ASUSACPI 42302E31 AWRD 00000000)
[    0.000000] ACPI: DSDT dfee3280 07A51 (v01 NVIDIA AWRDACPI 00001000 MSFT 03000000)
[    0.000000] ACPI: FACS dfee0000 00040
[    0.000000] ACPI: SSDT dfeeaf80 00206 (v01 PTLTD  POWERNOW 00000001  LTP 00000001)
[    0.000000] ACPI: HPET dfeeb200 00038 (v01 Nvidia ASUSACPI 42302E31 AWRD 00000098)
[    0.000000] ACPI: MCFG dfeeb280 0003C (v01 Nvidia ASUSACPI 42302E31 AWRD 00000000)
[    0.000000] ACPI: APIC dfeeae80 00098 (v01 Nvidia ASUSACPI 42302E31 AWRD 00000000)
[    0.000000] ACPI: Local APIC address 0xfee00000
[    0.000000] 2694MB HIGHMEM available.
[    0.000000] 887MB LOWMEM available.
[    0.000000]   mapped low ram: 0 - 377fe000
[    0.000000]   low ram: 0 - 377fe000
[    0.000000]   node 0 low ram: 00000000 - 377fe000
[    0.000000]   node 0 bootmap 00011000 - 00017f00
[    0.000000] (8 early reservations) ==> bootmem [0000000000 - 00377fe000]
[    0.000000]   #0 [0000000000 - 0000001000]   BIOS data page ==> [0000000000 - 0000001000]
[    0.000000]   #1 [0000001000 - 0000002000]    EX TRAMPOLINE ==> [0000001000 - 0000002000]
[    0.000000]   #2 [0000006000 - 0000007000]       TRAMPOLINE ==> [0000006000 - 0000007000]
[    0.000000]   #3 [0001000000 - 0001484b64]    TEXT DATA BSS ==> [0001000000 - 0001484b64]
[    0.000000]   #4 [000009f000 - 0000100000]    BIOS reserved ==> [000009f000 - 0000100000]
[    0.000000]   #5 [0001485000 - 000148b155]              BRK ==> [0001485000 - 000148b155]
[    0.000000]   #6 [0000010000 - 0000011000]          PGTABLE ==> [0000010000 - 0000011000]
[    0.000000]   #7 [0000011000 - 0000018000]          BOOTMAP ==> [0000011000 - 0000018000]
[    0.000000] Zone PFN ranges:
[    0.000000]   DMA      0x00000010 -> 0x00001000
[    0.000000]   Normal   0x00001000 -> 0x000377fe
[    0.000000]   HighMem  0x000377fe -> 0x000dfee0
[    0.000000] Movable zone start PFN for each node
[    0.000000] early_node_map[2] active PFN ranges
[    0.000000]     0: 0x00000010 -> 0x0000009f
[    0.000000]     0: 0x00000100 -> 0x000dfee0
[    0.000000] On node 0 totalpages: 917103
[    0.000000] free_area_init_node: node 0, pgdat c13f3840, node_mem_map c148d200
[    0.000000]   DMA zone: 32 pages used for memmap
[    0.000000]   DMA zone: 0 pages reserved
[    0.000000]   DMA zone: 3951 pages, LIFO batch:0
[    0.000000]   Normal zone: 1744 pages used for memmap
[    0.000000]   Normal zone: 221486 pages, LIFO batch:31
[    0.000000]   HighMem zone: 5390 pages used for memmap
[    0.000000]   HighMem zone: 684500 pages, LIFO batch:31
[    0.000000] Using APIC driver default
[    0.000000] Detected use of extended apic ids on hypertransport bus
[    0.000000] ACPI: PM-Timer IO Port: 0x1008
[    0.000000] ACPI: Local APIC address 0xfee00000
[    0.000000] ACPI: LAPIC (acpi_id[0x00] lapic_id[0x00] enabled)
[    0.000000] ACPI: LAPIC (acpi_id[0x01] lapic_id[0x01] enabled)
[    0.000000] ACPI: LAPIC (acpi_id[0x02] lapic_id[0x02] disabled)
[    0.000000] ACPI: LAPIC (acpi_id[0x03] lapic_id[0x03] disabled)
[    0.000000] ACPI: LAPIC_NMI (acpi_id[0x00] high edge lint[0x1])
[    0.000000] ACPI: LAPIC_NMI (acpi_id[0x01] high edge lint[0x1])
[    0.000000] ACPI: LAPIC_NMI (acpi_id[0x02] high edge lint[0x1])
[    0.000000] ACPI: LAPIC_NMI (acpi_id[0x03] high edge lint[0x1])
[    0.000000] ACPI: IOAPIC (id[0x04] address[0xfec00000] gsi_base[0])
[    0.000000] IOAPIC[0]: apic_id 4, version 17, address 0xfec00000, GSI 0-23
[    0.000000] ACPI: INT_SRC_OVR (bus 0 bus_irq 0 global_irq 2 dfl dfl)
[    0.000000] ACPI: INT_SRC_OVR (bus 0 bus_irq 9 global_irq 9 high level)
[    0.000000] ACPI: INT_SRC_OVR (bus 0 bus_irq 14 global_irq 14 high edge)
[    0.000000] ACPI: INT_SRC_OVR (bus 0 bus_irq 15 global_irq 15 high edge)
[    0.000000] ACPI: IRQ0 used by override.
[    0.000000] ACPI: IRQ2 used by override.
[    0.000000] ACPI: IRQ9 used by override.
[    0.000000] ACPI: IRQ14 used by override.
[    0.000000] ACPI: IRQ15 used by override.
[    0.000000] Enabling APIC mode:  Flat.  Using 1 I/O APICs
[    0.000000] Using ACPI (MADT) for SMP configuration information
[    0.000000] ACPI: HPET id: 0x10de8201 base: 0xfefff000
[    0.000000] 4 Processors exceeds NR_CPUS limit of 2
[    0.000000] SMP: Allowing 2 CPUs, 0 hotplug CPUs
[    0.000000] nr_irqs_gsi: 24
[    0.000000] PM: Registered nosave memory: 000000000009f000 - 00000000000a0000
[    0.000000] PM: Registered nosave memory: 00000000000a0000 - 00000000000f0000
[    0.000000] PM: Registered nosave memory: 00000000000f0000 - 0000000000100000
[    0.000000] Allocating PCI resources starting at dff00000 (gap: dff00000:10100000)
[    0.000000] Booting paravirtualized kernel on bare hardware
[    0.000000] NR_CPUS:2 nr_cpumask_bits:2 nr_cpu_ids:2 nr_node_ids:1
[    0.000000] PERCPU: Embedded 11 pages/cpu @c3400000 s21912 r0 d23144 u2097152
[    0.000000] pcpu-alloc: s21912 r0 d23144 u2097152 alloc=1*4194304
[    0.000000] pcpu-alloc: [0] 0 1 
[    0.000000] Built 1 zonelists in Zone order, mobility grouping on.  Total pages: 909937
[    0.000000] Kernel command line: root=/dev/hda3 ro
[    0.000000] PID hash table entries: 4096 (order: 2, 16384 bytes)
[    0.000000] Dentry cache hash table entries: 131072 (order: 7, 524288 bytes)
[    0.000000] Inode-cache hash table entries: 65536 (order: 6, 262144 bytes)
[    0.000000] Enabling fast FPU save and restore... done.
[    0.000000] Enabling unmasked SIMD FPU exception support... done.
[    0.000000] Initializing CPU#0
[    0.000000] Initializing HighMem for node 0 (000377fe:000dfee0)
[    0.000000] Memory: 3633028k/3668864k available (2944k kernel code, 34300k reserved, 1119k data, 324k init, 2759560k highmem)
[    0.000000] virtual kernel memory layout:
[    0.000000]     fixmap  : 0xfff90000 - 0xfffff000   ( 444 kB)
[    0.000000]     pkmap   : 0xff800000 - 0xffc00000   (4096 kB)
[    0.000000]     vmalloc : 0xf7ffe000 - 0xff7fe000   ( 120 MB)
[    0.000000]     lowmem  : 0xc0000000 - 0xf77fe000   ( 887 MB)
[    0.000000]       .init : 0xc13f8000 - 0xc1449000   ( 324 kB)
[    0.000000]       .data : 0xc12e0088 - 0xc13f7ec8   (1119 kB)
[    0.000000]       .text : 0xc1000000 - 0xc12e0088   (2944 kB)
[    0.000000] Checking if this processor honours the WP bit even in supervisor mode...Ok.
[    0.000000] Hierarchical RCU implementation.
[    0.000000] NR_IRQS:320
[    0.000000] Extended CMOS year: 2000
[    0.000000] spurious 8259A interrupt: IRQ7.
[    0.000000] Console: colour VGA+ 80x25
[    0.000000] console [tty0] enabled
[    0.000000] hpet clockevent registered
[    0.000000] HPET: 3 timers in total, 0 timers will be used for per-cpu timer
[    0.000000] Fast TSC calibration using PIT
[    0.000000] Detected 2109.843 MHz processor.
[    0.001004] Calibrating delay loop (skipped), value calculated using timer frequency.. 4219.68 BogoMIPS (lpj=2109843)
[    0.001117] Security Framework initialized
[    0.001173] Mount-cache hash table entries: 512
[    0.002065] CPU: L1 I Cache: 64K (64 bytes/line), D cache 64K (64 bytes/line)
[    0.002110] CPU: L2 Cache: 512K (64 bytes/line)
[    0.002152] CPU: Physical Processor ID: 0
[    0.002192] CPU: Processor Core ID: 0
[    0.002234] mce: CPU supports 5 MCE banks
[    0.002281] using C1E aware idle routine
[    0.002328] Checking 'hlt' instruction... OK.
[    0.006691] ACPI: Core revision 20090903
[    0.017509] ..TIMER: vector=0x30 apic1=0 pin1=2 apic2=-1 pin2=-1
[    0.028126] CPU0: AMD Athlon(tm) 64 X2 Dual Core Processor 4000+ stepping 01
[    0.028995] Booting processor 1 APIC 0x1 ip 0x6000
[    0.001999] Initializing CPU#1
[    0.001999] CPU: L1 I Cache: 64K (64 bytes/line), D cache 64K (64 bytes/line)
[    0.001999] CPU: L2 Cache: 512K (64 bytes/line)
[    0.001999] CPU: Physical Processor ID: 0
[    0.001999] CPU: Processor Core ID: 1
[    0.099083] CPU1: AMD Athlon(tm) 64 X2 Dual Core Processor 4000+ stepping 01
[    0.099409] Brought up 2 CPUs
[    0.099449] Total of 2 processors activated (8438.91 BogoMIPS).
[    0.101067] NET: Registered protocol family 16
[    0.101067] ACPI: bus type pci registered
[    0.101067] PCI: MCFG configuration 0: base f0000000 segment 0 buses 0 - 63
[    0.101069] PCI: MCFG area at f0000000 reserved in E820
[    0.101110] PCI: Using MMCONFIG for extended config space
[    0.101152] PCI: Using configuration type 1 for base access
[    0.104017] bio: create slab <bio-0> at 0
[    0.105406] ACPI: EC: Look up EC in DSDT
[    0.114799] ACPI: Interpreter enabled
[    0.114846] ACPI: (supports S0 S1 S3 S4 S5)
[    0.115153] ACPI: Using IOAPIC for interrupt routing
[    0.128199] ACPI: No dock devices found.
[    0.128347] ACPI: PCI Root Bridge [PCI0] (0000:00)
[    0.129038] pci 0000:00:01.1: reg 10 io port: [0xfc00-0xfc3f]
[    0.129049] pci 0000:00:01.1: reg 20 io port: [0x1c00-0x1c3f]
[    0.129053] pci 0000:00:01.1: reg 24 io port: [0x1c40-0x1c7f]
[    0.129073] pci 0000:00:01.1: PME# supported from D3hot D3cold
[    0.129119] pci 0000:00:01.1: PME# disabled
[    0.129180] pci 0000:00:02.0: reg 10 32bit mmio: [0xfe02f000-0xfe02ffff]
[    0.129199] pci 0000:00:02.0: supports D1 D2
[    0.129201] pci 0000:00:02.0: PME# supported from D0 D1 D2 D3hot D3cold
[    0.129245] pci 0000:00:02.0: PME# disabled
[    0.129300] pci 0000:00:02.1: reg 10 32bit mmio: [0xfe02e000-0xfe02e0ff]
[    0.129319] pci 0000:00:02.1: supports D1 D2
[    0.129321] pci 0000:00:02.1: PME# supported from D0 D1 D2 D3hot D3cold
[    0.129365] pci 0000:00:02.1: PME# disabled
[    0.129429] pci 0000:00:04.0: reg 20 io port: [0xf000-0xf00f]
[    0.129454] pci 0000:00:05.0: reg 10 io port: [0x9f0-0x9f7]
[    0.129458] pci 0000:00:05.0: reg 14 io port: [0xbf0-0xbf3]
[    0.129461] pci 0000:00:05.0: reg 18 io port: [0x970-0x977]
[    0.129465] pci 0000:00:05.0: reg 1c io port: [0xb70-0xb73]
[    0.129468] pci 0000:00:05.0: reg 20 io port: [0xdc00-0xdc0f]
[    0.129472] pci 0000:00:05.0: reg 24 32bit mmio: [0xfe02d000-0xfe02dfff]
[    0.129500] pci 0000:00:05.1: reg 10 io port: [0x9e0-0x9e7]
[    0.129503] pci 0000:00:05.1: reg 14 io port: [0xbe0-0xbe3]
[    0.129507] pci 0000:00:05.1: reg 18 io port: [0x960-0x967]
[    0.129511] pci 0000:00:05.1: reg 1c io port: [0xb60-0xb63]
[    0.129515] pci 0000:00:05.1: reg 20 io port: [0xc800-0xc80f]
[    0.129519] pci 0000:00:05.1: reg 24 32bit mmio: [0xfe02c000-0xfe02cfff]
[    0.129547] pci 0000:00:05.2: reg 10 io port: [0xc400-0xc407]
[    0.129550] pci 0000:00:05.2: reg 14 io port: [0xc000-0xc003]
[    0.129554] pci 0000:00:05.2: reg 18 io port: [0xbc00-0xbc07]
[    0.129558] pci 0000:00:05.2: reg 1c io port: [0xb800-0xb803]
[    0.129561] pci 0000:00:05.2: reg 20 io port: [0xb400-0xb40f]
[    0.129565] pci 0000:00:05.2: reg 24 32bit mmio: [0xfe02b000-0xfe02bfff]
[    0.129620] pci 0000:00:06.1: reg 10 32bit mmio: [0xfe020000-0xfe023fff]
[    0.129642] pci 0000:00:06.1: PME# supported from D3hot D3cold
[    0.129685] pci 0000:00:06.1: PME# disabled
[    0.129757] pci 0000:00:08.0: reg 10 32bit mmio: [0xfe02a000-0xfe02afff]
[    0.129761] pci 0000:00:08.0: reg 14 io port: [0xb000-0xb007]
[    0.129765] pci 0000:00:08.0: reg 18 32bit mmio: [0xfe029000-0xfe0290ff]
[    0.129769] pci 0000:00:08.0: reg 1c 32bit mmio: [0xfe028000-0xfe02800f]
[    0.129788] pci 0000:00:08.0: supports D1 D2
[    0.129790] pci 0000:00:08.0: PME# supported from D0 D1 D2 D3hot D3cold
[    0.129835] pci 0000:00:08.0: PME# disabled
[    0.129902] pci 0000:00:09.0: reg 10 32bit mmio: [0xfe027000-0xfe027fff]
[    0.129906] pci 0000:00:09.0: reg 14 io port: [0xac00-0xac07]
[    0.129910] pci 0000:00:09.0: reg 18 32bit mmio: [0xfe026000-0xfe0260ff]
[    0.129913] pci 0000:00:09.0: reg 1c 32bit mmio: [0xfe025000-0xfe02500f]
[    0.129933] pci 0000:00:09.0: supports D1 D2
[    0.129935] pci 0000:00:09.0: PME# supported from D0 D1 D2 D3hot D3cold
[    0.129982] pci 0000:00:09.0: PME# disabled
[    0.130059] pci 0000:00:0e.0: PME# supported from D0 D1 D2 D3hot D3cold
[    0.130102] pci 0000:00:0e.0: PME# disabled
[    0.130172] pci 0000:00:0f.0: PME# supported from D0 D1 D2 D3hot D3cold
[    0.131003] pci 0000:00:0f.0: PME# disabled
[    0.131154] pci 0000:01:0b.0: reg 10 32bit mmio: [0xfdeff000-0xfdeff7ff]
[    0.131160] pci 0000:01:0b.0: reg 14 32bit mmio: [0xfdef8000-0xfdefbfff]
[    0.131187] pci 0000:01:0b.0: supports D1 D2
[    0.131189] pci 0000:01:0b.0: PME# supported from D0 D1 D2 D3hot
[    0.131233] pci 0000:01:0b.0: PME# disabled
[    0.131292] pci 0000:00:06.0: transparent bridge
[    0.131335] pci 0000:00:06.0: bridge 32bit mmio: [0xfde00000-0xfdefffff]
[    0.131398] pci 0000:02:00.0: reg 24 32bit mmio: [0xfddfe000-0xfddfffff]
[    0.131406] pci 0000:02:00.0: reg 30 32bit mmio pref: [0xfdde0000-0xfddeffff]
[    0.131428] pci 0000:02:00.0: PME# supported from D3hot
[    0.131472] pci 0000:02:00.0: PME# disabled
[    0.131549] pci 0000:02:00.1: reg 10 io port: [0x9c00-0x9c07]
[    0.131556] pci 0000:02:00.1: reg 14 io port: [0x9800-0x9803]
[    0.131563] pci 0000:02:00.1: reg 18 io port: [0x9400-0x9407]
[    0.131570] pci 0000:02:00.1: reg 1c io port: [0x9000-0x9003]
[    0.131577] pci 0000:02:00.1: reg 20 io port: [0x8c00-0x8c0f]
[    0.131644] pci 0000:00:0e.0: bridge io port: [0x8000-0x9fff]
[    0.131647] pci 0000:00:0e.0: bridge 32bit mmio: [0xfdd00000-0xfddfffff]
[    0.131673] pci 0000:03:00.0: reg 10 32bit mmio: [0xfa000000-0xfaffffff]
[    0.131680] pci 0000:03:00.0: reg 14 64bit mmio pref: [0xe0000000-0xefffffff]
[    0.131688] pci 0000:03:00.0: reg 1c 64bit mmio: [0xf8000000-0xf9ffffff]
[    0.131693] pci 0000:03:00.0: reg 24 io port: [0x7c00-0x7c7f]
[    0.131699] pci 0000:03:00.0: reg 30 32bit mmio pref: [0xfbfe0000-0xfbffffff]
[    0.131748] pci 0000:00:0f.0: bridge io port: [0x7000-0x7fff]
[    0.131751] pci 0000:00:0f.0: bridge 32bit mmio: [0xf8000000-0xfbffffff]
[    0.131755] pci 0000:00:0f.0: bridge 64bit mmio pref: [0xe0000000-0xefffffff]
[    0.131763] pci_bus 0000:00: on NUMA node 0
[    0.131768] ACPI: PCI Interrupt Routing Table [\_SB_.PCI0._PRT]
[    0.132228] ACPI: PCI Interrupt Routing Table [\_SB_.PCI0.HUB0._PRT]
[    0.181117] ACPI: PCI Interrupt Link [LNK1] (IRQs 5 7 9 10 11 14 15) *0, disabled.
[    0.182065] ACPI: PCI Interrupt Link [LNK2] (IRQs 5 7 9 10 11 14 15) *0, disabled.
[    0.182567] ACPI: PCI Interrupt Link [LNK3] (IRQs 5 7 9 10 11 14 15) *0, disabled.
[    0.183073] ACPI: PCI Interrupt Link [LNK4] (IRQs 5 7 9 10 11 14 15) *0, disabled.
[    0.183575] ACPI: PCI Interrupt Link [LNK5] (IRQs 5 7 9 10 11 14 15) *0, disabled.
[    0.184082] ACPI: PCI Interrupt Link [LNK6] (IRQs 5 7 9 *10 11 14 15)
[    0.184521] ACPI: PCI Interrupt Link [LNK7] (IRQs 5 7 9 10 *11 14 15)
[    0.184960] ACPI: PCI Interrupt Link [LNK8] (IRQs 5 7 9 10 11 14 15) *0, disabled.
[    0.185442] ACPI: PCI Interrupt Link [LP2P] (IRQs 5 7 9 10 11 14 15) *0, disabled.
[    0.185944] ACPI: PCI Interrupt Link [LUBA] (IRQs 5 7 9 10 11 14 15) *0, disabled.
[    0.186445] ACPI: PCI Interrupt Link [LMAC] (IRQs 5 7 9 *10 11 14 15)
[    0.186884] ACPI: PCI Interrupt Link [LMC1] (IRQs 5 7 9 *10 11 14 15)
[    0.187352] ACPI: PCI Interrupt Link [LAZA] (IRQs *5 7 9 10 11 14 15)
[    0.187791] ACPI: PCI Interrupt Link [LPMU] (IRQs 5 7 9 10 11 14 15) *0, disabled.
[    0.188276] ACPI: PCI Interrupt Link [LSMB] (IRQs 5 7 9 10 11 14 15) *0, disabled.
[    0.188778] ACPI: PCI Interrupt Link [LUB2] (IRQs 5 7 9 10 11 14 15) *0, disabled.
[    0.189303] ACPI: PCI Interrupt Link [LIDE] (IRQs 5 7 9 10 11 14 15) *0, disabled.
[    0.189807] ACPI: PCI Interrupt Link [LSID] (IRQs 5 7 9 *10 11 14 15)
[    0.190244] ACPI: PCI Interrupt Link [LFID] (IRQs 5 7 9 10 *11 14 15)
[    0.190684] ACPI: PCI Interrupt Link [LSA2] (IRQs *5 7 9 10 11 14 15)
[    0.191171] ACPI: PCI Interrupt Link [APC1] (IRQs 16) *0, disabled.
[    0.191531] ACPI: PCI Interrupt Link [APC2] (IRQs 17) *0, disabled.
[    0.191889] ACPI: PCI Interrupt Link [APC3] (IRQs 18) *0, disabled.
[    0.192271] ACPI: PCI Interrupt Link [APC4] (IRQs 19) *0, disabled.
[    0.192630] ACPI: PCI Interrupt Link [APC5] (IRQs 16) *0, disabled.
[    0.192995] ACPI: PCI Interrupt Link [APC6] (IRQs 16) *0
[    0.193326] ACPI: PCI Interrupt Link [APC7] (IRQs 16) *0
[    0.193657] ACPI: PCI Interrupt Link [APC8] (IRQs 16) *0, disabled.
[    0.194019] ACPI: PCI Interrupt Link [APCF] (IRQs 20 21 22 23) *0, disabled.
[    0.194462] ACPI: PCI Interrupt Link [APCH] (IRQs 20 21 22 23) *0
[    0.194876] ACPI: PCI Interrupt Link [AMC1] (IRQs 20 21 22 23) *0
[    0.195270] ACPI: PCI Interrupt Link [APMU] (IRQs 20 21 22 23) *0, disabled.
[    0.195713] ACPI: PCI Interrupt Link [AAZA] (IRQs 20 21 22 23) *0
[    0.196152] ACPI: PCI Interrupt Link [APCS] (IRQs 20 21 22 23) *0, disabled.
[    0.196594] ACPI: PCI Interrupt Link [APCL] (IRQs 20 21 22 23) *0, disabled.
[    0.197044] ACPI: PCI Interrupt Link [APCM] (IRQs 20 21 22 23) *0, disabled.
[    0.197487] ACPI: PCI Interrupt Link [APCZ] (IRQs 20 21 22 23) *0, disabled.
[    0.197930] ACPI: PCI Interrupt Link [APSI] (IRQs 20 21 22 23) *0
[    0.198327] ACPI: PCI Interrupt Link [APSJ] (IRQs 20 21 22 23) *0
[    0.198743] ACPI: PCI Interrupt Link [ASA2] (IRQs 20 21 22 23) *0
[    0.199023] vgaarb: device added: PCI:0000:03:00.0,decodes=io+mem,owns=io+mem,locks=none
[    0.199061] vgaarb: loaded
[    0.199185] SCSI subsystem initialized
[    0.199185] libata version 3.00 loaded.
[    0.199185] usbcore: registered new interface driver usbfs
[    0.199185] usbcore: registered new interface driver hub
[    0.199185] usbcore: registered new device driver usb
[    0.199985] PCI: Using ACPI for IRQ routing
[    0.200100] hpet0: at MMIO 0xfefff000, IRQs 2, 8, 31
[    0.200100] hpet0: 3 comparators, 32-bit 25.000000 MHz counter
[    0.202992] Switching to clocksource hpet
[    0.205428] pnp: PnP ACPI init
[    0.205473] ACPI: bus type pnp registered
[    0.210602] pnp: PnP ACPI: found 13 devices
[    0.210643] ACPI: ACPI bus type pnp unregistered
[    0.210692] system 00:01: ioport range 0x1000-0x107f has been reserved
[    0.210736] system 00:01: ioport range 0x1080-0x10ff has been reserved
[    0.210780] system 00:01: ioport range 0x1400-0x147f has been reserved
[    0.210823] system 00:01: ioport range 0x1480-0x14ff has been reserved
[    0.210867] system 00:01: ioport range 0x1800-0x187f has been reserved
[    0.210911] system 00:01: ioport range 0x1880-0x18ff has been reserved
[    0.210957] system 00:02: ioport range 0x4d0-0x4d1 has been reserved
[    0.211007] system 00:02: ioport range 0x800-0x801 has been reserved
[    0.211051] system 00:02: ioport range 0x290-0x297 has been reserved
[    0.211100] system 00:0b: iomem range 0xf0000000-0xf3ffffff has been reserved
[    0.211146] system 00:0c: iomem range 0xd2800-0xd3fff has been reserved
[    0.211190] system 00:0c: iomem range 0xf0000-0xf7fff could not be reserved
[    0.211234] system 00:0c: iomem range 0xf8000-0xfbfff could not be reserved
[    0.211281] system 00:0c: iomem range 0xfc000-0xfffff could not be reserved
[    0.211325] system 00:0c: iomem range 0xfefff000-0xfefff0ff has been reserved
[    0.211369] system 00:0c: iomem range 0xdfee0000-0xdfefffff could not be reserved
[    0.211422] system 00:0c: iomem range 0xffff0000-0xffffffff has been reserved
[    0.211466] system 00:0c: iomem range 0x0-0x9ffff could not be reserved
[    0.211510] system 00:0c: iomem range 0x100000-0xdfedffff could not be reserved
[    0.211563] system 00:0c: iomem range 0xfec00000-0xfec00fff could not be reserved
[    0.211615] system 00:0c: iomem range 0xfee00000-0xfeefffff has been reserved
[    0.211660] system 00:0c: iomem range 0xfefff000-0xfeffffff could not be reserved
[    0.211713] system 00:0c: iomem range 0xfff80000-0xfff80fff has been reserved
[    0.211757] system 00:0c: iomem range 0xfff90000-0xfffbffff has been reserved
[    0.211801] system 00:0c: iomem range 0xfffed000-0xfffeffff has been reserved
[    0.248579] pci 0000:00:06.0: PCI bridge, secondary bus 0000:01
[    0.248621] pci 0000:00:06.0:   IO window: disabled
[    0.248664] pci 0000:00:06.0:   MEM window: 0xfde00000-0xfdefffff
[    0.248707] pci 0000:00:06.0:   PREFETCH window: disabled
[    0.248751] pci 0000:00:0e.0: PCI bridge, secondary bus 0000:02
[    0.248794] pci 0000:00:0e.0:   IO window: 0x8000-0x9fff
[    0.248837] pci 0000:00:0e.0:   MEM window: 0xfdd00000-0xfddfffff
[    0.248879] pci 0000:00:0e.0:   PREFETCH window: disabled
[    0.248923] pci 0000:00:0f.0: PCI bridge, secondary bus 0000:03
[    0.248965] pci 0000:00:0f.0:   IO window: 0x7000-0x7fff
[    0.249014] pci 0000:00:0f.0:   MEM window: 0xf8000000-0xfbffffff
[    0.249057] pci 0000:00:0f.0:   PREFETCH window: 0x000000e0000000-0x000000efffffff
[    0.249115] pci 0000:00:06.0: setting latency timer to 64
[    0.249120] pci 0000:00:0e.0: setting latency timer to 64
[    0.249125] pci 0000:00:0f.0: setting latency timer to 64
[    0.249129] pci_bus 0000:00: resource 0 io:  [0x00-0xffff]
[    0.249131] pci_bus 0000:00: resource 1 mem: [0x000000-0xffffffff]
[    0.249134] pci_bus 0000:01: resource 1 mem: [0xfde00000-0xfdefffff]
[    0.249136] pci_bus 0000:01: resource 3 io:  [0x00-0xffff]
[    0.249139] pci_bus 0000:01: resource 4 mem: [0x000000-0xffffffff]
[    0.249142] pci_bus 0000:02: resource 0 io:  [0x8000-0x9fff]
[    0.249144] pci_bus 0000:02: resource 1 mem: [0xfdd00000-0xfddfffff]
[    0.249147] pci_bus 0000:03: resource 0 io:  [0x7000-0x7fff]
[    0.249149] pci_bus 0000:03: resource 1 mem: [0xf8000000-0xfbffffff]
[    0.249152] pci_bus 0000:03: resource 2 pref mem [0xe0000000-0xefffffff]
[    0.249198] NET: Registered protocol family 2
[    0.249280] IP route cache hash table entries: 32768 (order: 5, 131072 bytes)
[    0.249485] TCP established hash table entries: 131072 (order: 8, 1048576 bytes)
[    0.250219] TCP bind hash table entries: 65536 (order: 7, 524288 bytes)
[    0.250605] TCP: Hash tables configured (established 131072 bind 65536)
[    0.250648] TCP reno registered
[    0.250763] NET: Registered protocol family 1
[    0.263380] pci 0000:00:00.0: Found enabled HT MSI Mapping
[    0.263469] pci 0000:00:00.0: Found enabled HT MSI Mapping
[    0.263553] pci 0000:00:00.0: Found enabled HT MSI Mapping
[    0.263637] pci 0000:00:00.0: Found enabled HT MSI Mapping
[    0.263724] pci 0000:00:00.0: Found enabled HT MSI Mapping
[    0.263816] pci 0000:00:00.0: Found enabled HT MSI Mapping
[    0.263915] pci 0000:00:00.0: Found enabled HT MSI Mapping
[    0.264022] pci 0000:00:00.0: Found enabled HT MSI Mapping
[    0.264127] pci 0000:00:00.0: Found enabled HT MSI Mapping
[    0.264183] pci 0000:03:00.0: Boot video device
[    0.264945] Scanning for low memory corruption every 60 seconds
[    0.265286] audit: initializing netlink socket (disabled)
[    0.265334] type=2000 audit(1280511752.265:1): initialized
[    0.265521] highmem bounce pool size: 64 pages
[    0.265831] fuse init (API version 7.13)
[    0.265965] msgmni has been set to 1708
[    0.266298] alg: No test for lzf (lzf-generic)
[    0.266429] alg: No test for stdrng (krng)
[    0.266479] io scheduler noop registered
[    0.266521] io scheduler anticipatory registered
[    0.266562] io scheduler deadline registered
[    0.266625] io scheduler cfq registered (default)
[    0.266801] pcieport 0000:00:0e.0: irq 24 for MSI/MSI-X
[    0.266806] pcieport 0000:00:0e.0: setting latency timer to 64
[    0.266954] pcieport 0000:00:0f.0: irq 25 for MSI/MSI-X
[    0.266958] pcieport 0000:00:0f.0: setting latency timer to 64
[    0.271362] isapnp: Scanning for PnP cards...
[    0.626818] isapnp: No Plug & Play device found
[    0.626860] Serial: 8250/16550 driver, 4 ports, IRQ sharing enabled
[    0.627036] serial8250: ttyS0 at I/O 0x3f8 (irq = 4) is a 16550A
[    0.627605] 00:08: ttyS0 at I/O 0x3f8 (irq = 4) is a 16550A
[    0.628892] loop: module loaded
[    0.628933] Uniform Multi-Platform E-IDE driver
[    0.629083] amd74xx 0000:00:04.0: UDMA133 controller
[    0.629126] amd74xx 0000:00:04.0: IDE controller (0x10de:0x036e rev 0xa1)
[    0.629181] amd74xx 0000:00:04.0: IDE port disabled
[    0.629227] amd74xx 0000:00:04.0: BIOS didn't set cable bits correctly. Enabling workaround.
[    0.629300] amd74xx 0000:00:04.0: not 100% native mode: will probe irqs later
[    0.629346]     ide0: BM-DMA at 0xf000-0xf007
[    0.629390] Probing IDE interface ide0...
[    0.893097] hda: ST380011A, ATA DISK drive
[    1.505074] hda: host max PIO5 wanted PIO255(auto-tune) selected PIO4
[    1.505290] hda: UDMA/100 mode selected
[    1.505598] ide0 at 0x1f0-0x1f7,0x3f6 on irq 14
[    1.505759] jmicron 0000:02:00.1: IDE controller (0x197b:0x2363 rev 0x03)
[    1.505809] pci 0000:02:00.1: enabling device (0000 -> 0001)
[    1.506194] ACPI: PCI Interrupt Link [APC8] enabled at IRQ 16
[    1.506244] pci 0000:02:00.1: PCI INT B -> Link[APC8] -> GSI 16 (level, low) -> IRQ 16
[    1.506317] jmicron 0000:02:00.1: 100% native mode on irq 16
[    1.506366] pci 0000:02:00.1: setting latency timer to 64
[    1.506370]     ide1: BM-DMA at 0x8c00-0x8c07
[    1.506418]     ide2: BM-DMA at 0x8c08-0x8c0f
[    1.506463] Probing IDE interface ide1...
[    2.025070] Probing IDE interface ide2...
[    2.543091] ide1 at 0x9c00-0x9c07,0x9802 on irq 16
[    2.543165] ide2 at 0x9400-0x9407,0x9002 on irq 16
[    2.543575] ide_generic: please use "probe_mask=0x3f" module parameter for probing all legacy ISA IDE ports
[    2.543674] ide-gd driver 1.18
[    2.543730] hda: max request size: 512KiB
[    2.552153] hda: 156301488 sectors (80026 MB) w/2048KiB Cache, CHS=16383/255/63
[    2.552402] hda: cache flushes supported
[    2.552478]  hda: hda1 hda2 hda3 hda4
[    2.571371] ide-cd driver 5.00
[    2.572571] ehci_hcd: USB 2.0 'Enhanced' Host Controller (EHCI) Driver
[    2.572924] ACPI: PCI Interrupt Link [APCL] enabled at IRQ 23
[    2.572973] ehci_hcd 0000:00:02.1: PCI INT B -> Link[APCL] -> GSI 23 (level, low) -> IRQ 23
[    2.573046] ehci_hcd 0000:00:02.1: setting latency timer to 64
[    2.573049] ehci_hcd 0000:00:02.1: EHCI Host Controller
[    2.573109] ehci_hcd 0000:00:02.1: new USB bus registered, assigned bus number 1
[    2.573180] ehci_hcd 0000:00:02.1: debug port 1
[    2.573225] ehci_hcd 0000:00:02.1: cache line size of 64 is not supported
[    2.573241] ehci_hcd 0000:00:02.1: irq 23, io mem 0xfe02e000
[    2.579019] ehci_hcd 0000:00:02.1: USB 2.0 started, EHCI 1.00
[    2.579169] usb usb1: configuration #1 chosen from 1 choice
[    2.579274] hub 1-0:1.0: USB hub found
[    2.579320] hub 1-0:1.0: 10 ports detected
[    2.579451] ohci_hcd: USB 1.1 'Open' Host Controller (OHCI) Driver
[    2.579787] ACPI: PCI Interrupt Link [APCF] enabled at IRQ 22
[    2.579835] ohci_hcd 0000:00:02.0: PCI INT A -> Link[APCF] -> GSI 22 (level, low) -> IRQ 22
[    2.579894] ohci_hcd 0000:00:02.0: setting latency timer to 64
[    2.579896] ohci_hcd 0000:00:02.0: OHCI Host Controller
[    2.579944] ohci_hcd 0000:00:02.0: new USB bus registered, assigned bus number 2
[    2.580023] ohci_hcd 0000:00:02.0: irq 22, io mem 0xfe02f000
[    2.632112] usb usb2: configuration #1 chosen from 1 choice
[    2.632209] hub 2-0:1.0: USB hub found
[    2.632257] hub 2-0:1.0: 10 ports detected
[    2.632429] usbcore: registered new interface driver libusual
[    2.632567] PNP: PS/2 Controller [PNP0303:PS2K] at 0x60,0x64 irq 1
[    2.632610] PNP: PS/2 appears to have AUX port disabled, if this is incorrect please boot with i8042.nopnp
[    2.632838] serio: i8042 KBD port at 0x60,0x64 irq 1
[    2.633052] mice: PS/2 mouse device common for all mice
[    2.633221] cpuidle: using governor ladder
[    2.633269] cpuidle: using governor menu
[    2.633377] Netfilter messages via NETLINK v0.30.
[    2.633434] nf_conntrack version 0.5.0 (16384 buckets, 65536 max)
[    2.633583] TCP cubic registered
[    2.633624] NET: Registered protocol family 17
[    2.633669] Using IPI No-Shortcut mode
[    2.633874] TuxOnIce 3.1 (http://tuxonice.net)
[    2.648539] TuxOnIce: No image found.
[    2.651017] input: AT Translated Set 2 keyboard as /devices/platform/i8042/serio0/input/input0
[    2.695359] EXT3-fs: mounted filesystem with writeback data mode.
[    2.695409] VFS: Mounted root (ext3 filesystem) readonly on device 3:3.
[    2.695472] Freeing unused kernel memory: 324k freed
[    2.695707] kjournald starting.  Commit interval 5 seconds
[    3.091019] usb 2-1: new low speed USB device using ohci_hcd and address 2
[    3.424447] usb 2-1: configuration #1 chosen from 1 choice
[    6.520145] usbcore: registered new interface driver hiddev
[    6.537172] input: HID 04d9:048e as /devices/pci0000:00/0000:00:02.0/usb2/2-1/2-1:1.0/input/input1
[    6.542763] generic-usb 0003:04D9:048E.0001: input: USB HID v1.10 Mouse [HID 04d9:048e] on usb-0000:00:02.0-1/input0
[    6.544402] usbcore: registered new interface driver usbhid
[    6.544410] usbhid: v2.6:USB HID core driver
[    7.247542] udev: starting version 149
[    7.358747] input: Power Button as /devices/LNXSYSTM:00/LNXSYBUS:00/PNP0C0C:00/input/input2
[    7.358783] ACPI: Power Button [PWRB]
[    7.358873] input: Power Button as /devices/LNXSYSTM:00/LNXPWRBN:00/input/input3
[    7.358894] ACPI: Power Button [PWRF]
[    7.546094] ACPI Warning for \_TZ_.THRM._PSL: Return Package type mismatch at index 0 - found [NULL Object Descriptor], expected Reference (20090903/nspredef-1012)
[    7.546103] ACPI: Expecting a [Reference] package element, found type 0
[    7.546105] ACPI: Invalid passive threshold
[    7.546442] thermal LNXTHERM:01: registered as thermal_zone0
[    7.546449] ACPI: Thermal Zone [THRM] (40 C)
[    7.702106] fan PNP0C0B:00: registered as cooling_device0
[    7.702114] ACPI: Fan [FAN] (on)
[    7.715616] processor LNXCPU:00: registered as cooling_device1
[    7.715659] processor LNXCPU:01: registered as cooling_device2
[    8.152254] input: PC Speaker as /devices/platform/pcspkr/input/input4
[    8.291433] k8temp 0000:00:18.3: Temperature readouts might be wrong - check erratum #141
[    8.325945] ACPI: PCI Interrupt Link [AAZA] enabled at IRQ 21
[    8.325957] HDA Intel 0000:00:06.1: PCI INT B -> Link[AAZA] -> GSI 21 (level, low) -> IRQ 21
[    8.325991] HDA Intel 0000:00:06.1: setting latency timer to 64
[    8.347059] ahci 0000:02:00.0: version 3.0
[    8.347385] ACPI: PCI Interrupt Link [APC7] enabled at IRQ 16
[    8.347389] ahci 0000:02:00.0: PCI INT A -> Link[APC7] -> GSI 16 (level, low) -> IRQ 16
[    8.358041] ahci 0000:02:00.0: AHCI 0001.0000 32 slots 2 ports 3 Gbps 0x3 impl SATA mode
[    8.358045] ahci 0000:02:00.0: flags: 64bit ncq pm led clo pmp pio slum part 
[    8.358050] ahci 0000:02:00.0: setting latency timer to 64
[    8.358231] scsi0 : ahci
[    8.358338] scsi1 : ahci
[    8.358385] ata1: SATA max UDMA/133 abar m8192@0xfddfe000 port 0xfddfe100 irq 16
[    8.358388] ata2: SATA max UDMA/133 abar m8192@0xfddfe000 port 0xfddfe180 irq 16
[    8.371618] parport_pc 00:09: reported by Plug and Play ACPI
[    8.371633] parport0: PC-style at 0x378, irq 7 [PCSPP(,...)]
[    8.663032] ata1: SATA link down (SStatus 0 SControl 300)
[    8.663277] ata2: SATA link down (SStatus 0 SControl 300)
[    8.885359] rtc_cmos 00:05: RTC can wake from S4
[    8.885502] rtc_cmos 00:05: rtc core: registered rtc_cmos as rtc0
[    8.885543] rtc0: alarms up to one year, y3k, 242 bytes nvram, hpet irqs
[    8.899233] ACPI: PCI Interrupt Link [APC4] enabled at IRQ 19
[    8.899245] ohci1394 0000:01:0b.0: PCI INT A -> Link[APC4] -> GSI 19 (level, low) -> IRQ 19
[    8.950055] ohci1394: fw-host0: OHCI-1394 1.1 (PCI): IRQ=[19]  MMIO=[fdeff000-fdeff7ff]  Max Packet=[2048]  IR/IT contexts=[4/8]
[    9.053328] sata_nv 0000:00:05.0: version 3.5
[    9.053694] ACPI: PCI Interrupt Link [APSI] enabled at IRQ 20
[    9.053705] sata_nv 0000:00:05.0: PCI INT A -> Link[APSI] -> GSI 20 (level, low) -> IRQ 20
[    9.053708] sata_nv 0000:00:05.0: Using SWNCQ mode
[    9.054125] sata_nv 0000:00:05.0: setting latency timer to 64
[    9.054278] scsi2 : sata_nv
[    9.055606] scsi3 : sata_nv
[    9.055823] ata3: SATA max UDMA/133 cmd 0x9f0 ctl 0xbf0 bmdma 0xdc00 irq 20
[    9.055826] ata4: SATA max UDMA/133 cmd 0x970 ctl 0xb70 bmdma 0xdc08 irq 20
[    9.056267] ACPI: PCI Interrupt Link [APSJ] enabled at IRQ 23
[    9.056271] sata_nv 0000:00:05.1: PCI INT B -> Link[APSJ] -> GSI 23 (level, low) -> IRQ 23
[    9.056274] sata_nv 0000:00:05.1: Using SWNCQ mode
[    9.056664] sata_nv 0000:00:05.1: setting latency timer to 64
[    9.056982] scsi4 : sata_nv
[    9.057081] scsi5 : sata_nv
[    9.057271] ata5: SATA max UDMA/133 cmd 0x9e0 ctl 0xbe0 bmdma 0xc800 irq 23
[    9.057274] ata6: SATA max UDMA/133 cmd 0x960 ctl 0xb60 bmdma 0xc808 irq 23
[    9.057637] ACPI: PCI Interrupt Link [ASA2] enabled at IRQ 22
[    9.057642] sata_nv 0000:00:05.2: PCI INT C -> Link[ASA2] -> GSI 22 (level, low) -> IRQ 22
[    9.057645] sata_nv 0000:00:05.2: Using SWNCQ mode
[    9.058062] sata_nv 0000:00:05.2: setting latency timer to 64
[    9.058234] scsi6 : sata_nv
[    9.058397] scsi7 : sata_nv
[    9.058584] ata7: SATA max UDMA/133 cmd 0xc400 ctl 0xc000 bmdma 0xb400 irq 22
[    9.058587] ata8: SATA max UDMA/133 cmd 0xbc00 ctl 0xb800 bmdma 0xb408 irq 22
[    9.162779] i2c i2c-0: nForce2 SMBus adapter at 0x1c00
[    9.162784] ACPI: I/O resource nForce2_smbus [0x1c40-0x1c7f] conflicts with ACPI region SM00 [0x1c40-0x1c45]
[    9.162787] ACPI: If an ACPI driver is available for this device, you should use it instead of the native driver
[    9.162789] nForce2_smbus 0000:00:01.1: Error probing SMB2.
[    9.177310] forcedeth: Reverse Engineered nForce ethernet driver. Version 0.64.
[    9.177660] ACPI: PCI Interrupt Link [APCH] enabled at IRQ 21
[    9.177665] forcedeth 0000:00:08.0: PCI INT A -> Link[APCH] -> GSI 21 (level, low) -> IRQ 21
[    9.177669] forcedeth 0000:00:08.0: setting latency timer to 64
[    9.177710] nv_probe: set workaround bit for reversed mac addr
[    9.372267] ata7: SATA link down (SStatus 0 SControl 300)
[    9.382272] ata5: SATA link down (SStatus 0 SControl 300)
[    9.421082] nvidia: module license 'NVIDIA' taints kernel.
[    9.421087] Disabling lock debugging due to kernel taint
[    9.509037] ata3: SATA link up 3.0 Gbps (SStatus 123 SControl 300)
[    9.512958] ata3.00: ATA-8: WDC WD3200AAKS-00B3A0, 01.03A01, max UDMA/133
[    9.512961] ata3.00: 625142448 sectors, multi 1: LBA48 NCQ (depth 31/32)
[    9.519971] ata3.00: configured for UDMA/133
[    9.520053] scsi 2:0:0:0: Direct-Access     ATA      WDC WD3200AAKS-0 01.0 PQ: 0 ANSI: 5
[    9.520318] sd 2:0:0:0: [sda] 625142448 512-byte logical blocks: (320 GB/298 GiB)
[    9.520353] sd 2:0:0:0: [sda] Write Protect is off
[    9.520355] sd 2:0:0:0: [sda] Mode Sense: 00 3a 00 00
[    9.520373] sd 2:0:0:0: [sda] Write cache: enabled, read cache: enabled, doesn't support DPO or FUA
[    9.520476]  sda: sda1
[    9.542320] sd 2:0:0:0: [sda] Attached SCSI disk
[    9.689327] forcedeth 0000:00:08.0: ifname eth0, PHY OUI 0x5043 @ 1, addr 00:1e:8c:bf:da:d3
[    9.689331] forcedeth 0000:00:08.0: highdma csum vlan pwrctl mgmt gbit lnktim msi desc-v3
[    9.689675] ACPI: PCI Interrupt Link [AMC1] enabled at IRQ 20
[    9.689679] forcedeth 0000:00:09.0: PCI INT A -> Link[AMC1] -> GSI 20 (level, low) -> IRQ 20
[    9.689684] forcedeth 0000:00:09.0: setting latency timer to 64
[    9.689733] nv_probe: set workaround bit for reversed mac addr
[    9.833571] ata4: SATA link down (SStatus 0 SControl 300)
[   10.157569] ata6: SATA link down (SStatus 0 SControl 300)
[   10.202329] forcedeth 0000:00:09.0: ifname eth1, PHY OUI 0x5043 @ 1, addr 00:1e:8c:bf:e1:36
[   10.202333] forcedeth 0000:00:09.0: highdma csum vlan pwrctl mgmt gbit lnktim msi desc-v3
[   10.206364] ieee1394: Host added: ID:BUS[0-00:1023]  GUID[001e8c000105776a]
[   10.481575] ata8: SATA link down (SStatus 0 SControl 300)
[   10.533754] sd 2:0:0:0: Attached scsi generic sg0 type 0
[   10.592325] ACPI: PCI Interrupt Link [APC6] enabled at IRQ 16
[   10.592331] nvidia 0000:03:00.0: PCI INT A -> Link[APC6] -> GSI 16 (level, low) -> IRQ 16
[   10.592339] nvidia 0000:03:00.0: setting latency timer to 64
[   10.592343] vgaarb: device changed decodes: PCI:0000:03:00.0,olddecodes=io+mem,decodes=none:owns=io+mem
[   10.592580] NVRM: loading NVIDIA UNIX x86 Kernel Module  195.36.24  Thu Apr 22 09:18:20 PDT 2010
[   11.517065] EXT3 FS on hda3, internal journal
[   11.733499] powernow-k8: Found 1 AMD Athlon(tm) 64 X2 Dual Core Processor 4000+ processors (2 cpu cores) (version 2.20.00)
[   11.733542] powernow-k8:    0 : fid 0xd (2100 MHz), vid 0xa
[   11.733545] powernow-k8:    1 : fid 0xc (2000 MHz), vid 0xb
[   11.733547] powernow-k8:    2 : fid 0xa (1800 MHz), vid 0xd
[   11.733549] powernow-k8:    3 : fid 0x2 (1000 MHz), vid 0x12
[   11.895079] device-mapper: ioctl: 4.15.0-ioctl (2009-04-01) initialised: dm-devel@redhat.com
[   12.001022] Clocksource tsc unstable (delta = -85369768 ns)
[   12.565581] kjournald starting.  Commit interval 5 seconds
[   12.565798] EXT3 FS on hda4, internal journal
[   12.565808] EXT3-fs: mounted filesystem with writeback data mode.
[   12.592181] kjournald starting.  Commit interval 5 seconds
[   12.592443] EXT3 FS on sda1, internal journal
[   12.592450] EXT3-fs: mounted filesystem with writeback data mode.
[   13.168121] Adding 3156764k swap on /dev/hda2.  Priority:2 extents:1 across:3156764k 
[   38.629476] forcedeth 0000:00:08.0: irq 26 for MSI/MSI-X
[   51.884740] it87: Found IT8716F chip at 0x290, revision 1
[   51.884753] it87: in3 is VCC (+5V)
[   51.884756] it87: in7 is VCCH (+5V Stand-By)
[   51.884967] ACPI: I/O resource it87 [0x295-0x296] conflicts with ACPI region HWRE [0x295-0x296]
[   51.884972] ACPI: If an ACPI driver is available for this device, you should use it instead of the native driver
[   55.919955] /dev/vmmon[4766]: Module vmmon: registered with major=10 minor=165
[   55.919984] /dev/vmmon[4766]: Initial HV check: anyNotCapable=0 anyUnlocked=1 anyEnabled=1 anyDisabled=0
[   55.919994] /dev/vmmon[4766]: HV check: anyNotCapable=0 anyUnlocked=1 anyEnabled=1 anyDisabled=0
[   55.920000] /dev/vmmon[4766]: Module vmmon: initialized
[   55.958432] /dev/vmci[4782]: VMCI: Driver initialized.
[   55.958936] /dev/vmci[4782]: Module vmci: registered with major=10 minor=58
[   55.958942] /dev/vmci[4782]: Module vmci: initialized
[   56.213197] /dev/vmnet: open called by PID 4821 (vmnet-bridge)
[   56.213216] /dev/vmnet: hub 0 does not exist, allocating memory.
[   56.213240] /dev/vmnet: port on hub 0 successfully opened
[   56.213435] bridge-eth0: up
[   56.213441] bridge-eth0: attached
[   58.427237] /dev/vmnet: open called by PID 5336 (vmnet-dhcpd)
[   58.427297] /dev/vmnet: hub 1 does not exist, allocating memory.
[   58.427323] /dev/vmnet: port on hub 1 successfully opened
[   58.464540] /dev/vmnet: open called by PID 5340 (vmnet-netifup)
[   58.464564] /dev/vmnet: port on hub 1 successfully opened
[   58.522798] /dev/vmnet: open called by PID 5343 (vmnet-dhcpd)
[   58.522822] /dev/vmnet: hub 8 does not exist, allocating memory.
[   58.522848] /dev/vmnet: port on hub 8 successfully opened
[   58.582919] /dev/vmnet: open called by PID 5345 (vmnet-natd)
[   58.582944] /dev/vmnet: port on hub 8 successfully opened
[   58.632053] /dev/vmnet: open called by PID 5349 (vmnet-netifup)
[   58.632078] /dev/vmnet: port on hub 8 successfully opened
